Archive member included to satisfy reference by file (symbol)

c:/nxp/s32ds.3.5/s32ds/build_tools/gcc_v10.2/gcc-10.2-arm32-eabi/bin/../lib/gcc/arm-none-eabi/10.2.0/../../../../arm-none-eabi/lib/thumb/v7e-m+fp/hard\libc_nano.a(lib_a-memmove.o)
                              ./RTD/src/Siul2_Port_Ip.o (memmove)
c:/nxp/s32ds.3.5/s32ds/build_tools/gcc_v10.2/gcc-10.2-arm32-eabi/bin/../lib/gcc/arm-none-eabi/10.2.0/../../../../arm-none-eabi/lib/thumb/v7e-m+fp/hard\libc_nano.a(lib_a-memset.o)
                              ./Project_Settings/Startup_Code/startup.o (memset)

Discarded input sections

 .group         0x00000000        0xc ./Project_Settings/Startup_Code/exceptions.o
 .group         0x00000000        0xc ./Project_Settings/Startup_Code/exceptions.o
 .group         0x00000000        0xc ./Project_Settings/Startup_Code/exceptions.o
 .group         0x00000000        0xc ./Project_Settings/Startup_Code/exceptions.o
 .group         0x00000000        0xc ./Project_Settings/Startup_Code/exceptions.o
 .group         0x00000000        0xc ./Project_Settings/Startup_Code/exceptions.o
 .group         0x00000000        0xc ./Project_Settings/Startup_Code/exceptions.o
 .group         0x00000000        0xc ./Project_Settings/Startup_Code/exceptions.o
 .group         0x00000000        0xc ./Project_Settings/Startup_Code/exceptions.o
 .group         0x00000000        0xc ./Project_Settings/Startup_Code/exceptions.o
 .group         0x00000000        0xc ./Project_Settings/Startup_Code/exceptions.o
 .group         0x00000000        0xc ./Project_Settings/Startup_Code/exceptions.o
 .group         0x00000000        0xc ./Project_Settings/Startup_Code/exceptions.o
 .group         0x00000000        0xc ./Project_Settings/Startup_Code/exceptions.o
 .group         0x00000000        0xc ./Project_Settings/Startup_Code/exceptions.o
 .group         0x00000000        0xc ./Project_Settings/Startup_Code/exceptions.o
 .group         0x00000000        0xc ./Project_Settings/Startup_Code/exceptions.o
 .group         0x00000000        0xc ./Project_Settings/Startup_Code/exceptions.o
 .group         0x00000000        0xc ./Project_Settings/Startup_Code/exceptions.o
 .group         0x00000000        0xc ./Project_Settings/Startup_Code/exceptions.o
 .group         0x00000000        0xc ./Project_Settings/Startup_Code/exceptions.o
 .group         0x00000000        0xc ./Project_Settings/Startup_Code/exceptions.o
 .group         0x00000000        0xc ./Project_Settings/Startup_Code/exceptions.o
 .group         0x00000000        0xc ./Project_Settings/Startup_Code/exceptions.o
 .group         0x00000000        0xc ./Project_Settings/Startup_Code/exceptions.o
 .group         0x00000000        0xc ./Project_Settings/Startup_Code/exceptions.o
 .group         0x00000000        0xc ./Project_Settings/Startup_Code/nvic.o
 .group         0x00000000        0xc ./Project_Settings/Startup_Code/nvic.o
 .group         0x00000000        0xc ./Project_Settings/Startup_Code/nvic.o
 .group         0x00000000        0xc ./Project_Settings/Startup_Code/nvic.o
 .group         0x00000000        0xc ./Project_Settings/Startup_Code/nvic.o
 .group         0x00000000        0xc ./Project_Settings/Startup_Code/nvic.o
 .group         0x00000000        0xc ./Project_Settings/Startup_Code/nvic.o
 .group         0x00000000        0xc ./Project_Settings/Startup_Code/nvic.o
 .group         0x00000000        0xc ./Project_Settings/Startup_Code/nvic.o
 .group         0x00000000        0xc ./Project_Settings/Startup_Code/nvic.o
 .group         0x00000000        0xc ./Project_Settings/Startup_Code/nvic.o
 .group         0x00000000        0xc ./Project_Settings/Startup_Code/nvic.o
 .group         0x00000000        0xc ./Project_Settings/Startup_Code/nvic.o
 .group         0x00000000        0xc ./Project_Settings/Startup_Code/nvic.o
 .group         0x00000000        0xc ./Project_Settings/Startup_Code/nvic.o
 .group         0x00000000        0xc ./Project_Settings/Startup_Code/nvic.o
 .group         0x00000000        0xc ./Project_Settings/Startup_Code/nvic.o
 .group         0x00000000        0xc ./Project_Settings/Startup_Code/nvic.o
 .group         0x00000000        0xc ./Project_Settings/Startup_Code/nvic.o
 .group         0x00000000        0xc ./Project_Settings/Startup_Code/nvic.o
 .group         0x00000000        0xc ./Project_Settings/Startup_Code/nvic.o
 .group         0x00000000        0xc ./Project_Settings/Startup_Code/nvic.o
 .group         0x00000000        0xc ./Project_Settings/Startup_Code/nvic.o
 .group         0x00000000        0xc ./Project_Settings/Startup_Code/nvic.o
 .group         0x00000000        0xc ./Project_Settings/Startup_Code/nvic.o
 .group         0x00000000        0xc ./Project_Settings/Startup_Code/nvic.o
 .group         0x00000000        0xc ./Project_Settings/Startup_Code/nvic.o
 .group         0x00000000        0xc ./Project_Settings/Startup_Code/nvic.o
 .group         0x00000000        0xc ./Project_Settings/Startup_Code/nvic.o
[...]
Memory Configuration

Name             Origin             Length             Attributes
int_pflash       0x00400000         0x000d4000
int_dflash       0x10000000         0x00010000
int_itcm         0x00000000         0x00008000
int_dtcm         0x20000000         0x0000f000
int_stack_dtcm   0x2000f000         0x00001000
int_sram         0x20400000         0x00003f00
int_sram_fls_rsv 0x20403f00         0x00000100
int_sram_no_cacheable 0x20404000         0x00003b00
int_sram_results 0x20407b00         0x00000100
int_sram_shareable 0x20407c00         0x00000400
ram_rsvd2        0x20408000         0x00000000
*default*        0x00000000         0xffffffff

Linker script and memory map

LOAD ./Project_Settings/Startup_Code/Vector_Table.o
LOAD ./Project_Settings/Startup_Code/exceptions.o
LOAD ./Project_Settings/Startup_Code/nvic.o
LOAD ./Project_Settings/Startup_Code/startup.o
LOAD ./Project_Settings/Startup_Code/startup_cm7.o
LOAD ./Project_Settings/Startup_Code/system.o
LOAD ./RTD/src/Clock_Ip.o
LOAD ./RTD/src/Clock_Ip_Data.o
LOAD ./RTD/src/Clock_Ip_Divider.o
LOAD ./RTD/src/Clock_Ip_DividerTrigger.o
LOAD ./RTD/src/Clock_Ip_ExtOsc.o
LOAD ./RTD/src/Clock_Ip_FracDiv.o
LOAD ./RTD/src/Clock_Ip_Frequency.o
LOAD ./RTD/src/Clock_Ip_Gate.o
LOAD ./RTD/src/Clock_Ip_IntOsc.o
LOAD ./RTD/src/Clock_Ip_Irq.o
LOAD ./RTD/src/Clock_Ip_Monitor.o
LOAD ./RTD/src/Clock_Ip_Pll.o
LOAD ./RTD/src/Clock_Ip_ProgFreqSwitch.o
LOAD ./RTD/src/Clock_Ip_Selector.o
LOAD ./RTD/src/Clock_Ip_Specific.o
LOAD ./RTD/src/Det.o
LOAD ./RTD/src/Det_stub.o
LOAD ./RTD/src/Igf_Port_Ip.o
LOAD ./RTD/src/OsIf_Interrupts.o
LOAD ./RTD/src/OsIf_Timer.o
LOAD ./RTD/src/OsIf_Timer_System.o
LOAD ./RTD/src/OsIf_Timer_System_Internal_Systick.o
LOAD ./RTD/src/SchM_Dio.o
LOAD ./RTD/src/SchM_Mcu.o
LOAD ./RTD/src/SchM_Port.o
LOAD ./RTD/src/Siul2_Dio_Ip.o
LOAD ./RTD/src/Siul2_Port_Ip.o
LOAD ./RTD/src/Tspc_Port_Ip.o
LOAD ./board/Siul2_Port_Ip_Cfg.o
LOAD ./board/Tspc_Port_Ip_Cfg.o
LOAD ./generate/src/Clock_Ip_Cfg.o
LOAD ./generate/src/Igf_Port_Ip_Cfg.o
LOAD ./generate/src/OsIf_Cfg.o
LOAD ./src/main.o
LOAD c:/nxp/s32ds.3.5/s32ds/build_tools/gcc_v10.2/gcc-10.2-arm32-eabi/bin/../lib/gcc/arm-none-eabi/10.2.0/../../../../arm-none-eabi/lib/thumb/v7e-m+fp/hard\libc_nano.a
LOAD c:/nxp/s32ds.3.5/s32ds/build_tools/gcc_v10.2/gcc-10.2-arm32-eabi/bin/../lib/gcc/arm-none-eabi/10.2.0/../../../../arm-none-eabi/lib/thumb/v7e-m+fp/hard\libm.a
LOAD c:/nxp/s32ds.3.5/s32ds/build_tools/gcc_v10.2/gcc-10.2-arm32-eabi/bin/../lib/gcc/arm-none-eabi/10.2.0/thumb/v7e-m+fp/hard\libgcc.a
START GROUP
LOAD c:/nxp/s32ds.3.5/s32ds/build_tools/gcc_v10.2/gcc-10.2-arm32-eabi/bin/../lib/gcc/arm-none-eabi/10.2.0/thumb/v7e-m+fp/hard\libgcc.a
LOAD c:/nxp/s32ds.3.5/s32ds/build_tools/gcc_v10.2/gcc-10.2-arm32-eabi/bin/../lib/gcc/arm-none-eabi/10.2.0/../../../../arm-none-eabi/lib/thumb/v7e-m+fp/hard\libg_nano.a
LOAD c:/nxp/s32ds.3.5/s32ds/build_tools/gcc_v10.2/gcc-10.2-arm32-eabi/bin/../lib/gcc/arm-none-eabi/10.2.0/../../../../arm-none-eabi/lib/thumb/v7e-m+fp/hard\libc_nano.a
END GROUP
START GROUP
LOAD c:/nxp/s32ds.3.5/s32ds/build_tools/gcc_v10.2/gcc-10.2-arm32-eabi/bin/../lib/gcc/arm-none-eabi/10.2.0/thumb/v7e-m+fp/hard\libgcc.a
LOAD c:/nxp/s32ds.3.5/s32ds/build_tools/gcc_v10.2/gcc-10.2-arm32-eabi/bin/../lib/gcc/arm-none-eabi/10.2.0/../../../../arm-none-eabi/lib/thumb/v7e-m+fp/hard\libc_nano.a
LOAD c:/nxp/s32ds.3.5/s32ds/build_tools/gcc_v10.2/gcc-10.2-arm32-eabi/bin/../lib/gcc/arm-none-eabi/10.2.0/../../../../arm-none-eabi/lib/thumb/v7e-m+fp/hard\libnosys.a
END GROUP
START GROUP
LOAD c:/nxp/s32ds.3.5/s32ds/build_tools/gcc_v10.2/gcc-10.2-arm32-eabi/bin/../lib/gcc/arm-none-eabi/10.2.0/thumb/v7e-m+fp/hard\libgcc.a
LOAD c:/nxp/s32ds.3.5/s32ds/build_tools/gcc_v10.2/gcc-10.2-arm32-eabi/bin/../lib/gcc/arm-none-eabi/10.2.0/../../../../arm-none-eabi/lib/thumb/v7e-m+fp/hard\libc_nano.a
LOAD c:/nxp/s32ds.3.5/s32ds/build_tools/gcc_v10.2/gcc-10.2-arm32-eabi/bin/../lib/gcc/arm-none-eabi/10.2.0/../../../../arm-none-eabi/lib/thumb/v7e-m+fp/hard\libnosys.a
END GROUP
                0x00000000                HEAP_SIZE = DEFINED (__heap_size__)?__heap_size__:0x0
                0x20407fff                __STANDBY_RAM_LIMIT_END = 0x20407fff

.pflash         0x00400000     0x57bc
 *(.boot_header)
 .boot_header   0x00400000       0x30 ./Project_Settings/Startup_Code/startup_cm7.o
                0x00400800                . = ALIGN (0x800)
 *fill*         0x00400030      0x7d0 
                0x00400800                __text_start = .
                0x00400800                __interrupts_init_start = .
 *(.intc_vector)
 .intc_vector   0x00400800      0x408 ./Project_Settings/Startup_Code/Vector_Table.o
                0x00400800                VTABLE
                0x00400c08                . = ALIGN (0x4)
                0x00400c08                __interrupts_init_end = .
 *(.core_loop)
 .core_loop     0x00400c08        0xc ./Project_Settings/Startup_Code/startup_cm7.o
                0x00400c08                _core_loop
                0x00400c14                . = ALIGN (0x4)
 *(.startup)
 *fill*         0x00400c14        0xc 
 .startup       0x00400c20      0x1dc ./Project_Settings/Startup_Code/startup_cm7.o
                0x00400c20                Reset_Handler
                0x00400c20                _start
                0x00400d8c                MCAL_LTB_TRACE_OFF
                0x00400d8e                _end_of_eunit_test
                0x00400dfc                . = ALIGN (0x4)
 *(.systeminit)
                0x00400dfc                . = ALIGN (0x4)
 *(.text.startup)
 .text.startup  0x00400dfc       0x3c ./src/main.o
                0x00400dfc                main
                0x00400e38                . = ALIGN (0x4)
 *(.text)
 .text          0x00400e38        0x0 ./Project_Settings/Startup_Code/Vector_Table.o
 .text          0x00400e38        0x0 ./Project_Settings/Startup_Code/exceptions.o
 .text          0x00400e38        0x0 ./Project_Settings/Startup_Code/nvic.o
 .text          0x00400e38        0x0 ./Project_Settings/Startup_Code/startup.o
 .text          0x00400e38        0x0 ./Project_Settings/Startup_Code/startup_cm7.o
 .text          0x00400e38       0x10 ./Project_Settings/Startup_Code/system.o
                0x00400e38                Sys_GetCoreID
 .text          0x00400e48        0x0 ./RTD/src/Clock_Ip.o
 .text          0x00400e48        0x0 ./RTD/src/Clock_Ip_Data.o
 .text          0x00400e48        0x0 ./RTD/src/Clock_Ip_Divider.o
 .text          0x00400e48        0x0 ./RTD/src/Clock_Ip_DividerTrigger.o
 .text          0x00400e48        0x0 ./RTD/src/Clock_Ip_ExtOsc.o
 .text          0x00400e48        0x0 ./RTD/src/Clock_Ip_FracDiv.o
 .text          0x00400e48        0x0 ./RTD/src/Clock_Ip_Frequency.o
 .text          0x00400e48        0x0 ./RTD/src/Clock_Ip_Gate.o
 .text          0x00400e48        0x0 ./RTD/src/Clock_Ip_IntOsc.o
 .text          0x00400e48        0x0 ./RTD/src/Clock_Ip_Irq.o
 .text          0x00400e48        0x0 ./RTD/src/Clock_Ip_Monitor.o
 .text          0x00400e48        0x0 ./RTD/src/Clock_Ip_Pll.o
 .text          0x00400e48        0x0 ./RTD/src/Clock_Ip_ProgFreqSwitch.o
 .text          0x00400e48        0x0 ./RTD/src/Clock_Ip_Selector.o
 .text          0x00400e48        0x0 ./RTD/src/Clock_Ip_Specific.o
 .text          0x00400e48        0x0 ./RTD/src/Det.o
 .text          0x00400e48        0x0 ./RTD/src/Det_stub.o
 .text          0x00400e48        0x0 ./RTD/src/Igf_Port_Ip.o
 .text          0x00400e48        0x0 ./RTD/src/OsIf_Interrupts.o
 .text          0x00400e48        0x0 ./RTD/src/OsIf_Timer.o
 .text          0x00400e48        0x0 ./RTD/src/OsIf_Timer_System.o
 .text          0x00400e48        0x0 ./RTD/src/OsIf_Timer_System_Internal_Systick.o
 .text          0x00400e48        0x6 ./RTD/src/SchM_Dio.o
                0x00400e48                Dio_schm_read_msr
 .text          0x00400e4e        0x6 ./RTD/src/SchM_Mcu.o
                0x00400e4e                Mcu_schm_read_msr
 .text          0x00400e54        0x6 ./RTD/src/SchM_Port.o
                0x00400e54                Port_schm_read_msr
 .text          0x00400e5a       0x14 ./RTD/src/Siul2_Dio_Ip.o
 .text          0x00400e6e       0x14 ./RTD/src/Siul2_Port_Ip.o
 .text          0x00400e82        0x0 ./RTD/src/Tspc_Port_Ip.o
 .text          0x00400e82        0x0 ./board/Siul2_Port_Ip_Cfg.o
 .text          0x00400e82        0x0 ./board/Tspc_Port_Ip_Cfg.o
 .text          0x00400e82        0x0 ./generate/src/Clock_Ip_Cfg.o
 .text          0x00400e82        0x0 ./generate/src/Igf_Port_Ip_Cfg.o
 .text          0x00400e82        0x0 ./generate/src/OsIf_Cfg.o
 *fill*         0x00400e82        0x2 
 .text          0x00400e84       0x1c ./src/main.o
                0x00400e84                TestDelay
 .text          0x00400ea0        0x0 c:/nxp/s32ds.3.5/s32ds/build_tools/gcc_v10.2/gcc-10.2-arm32-eabi/bin/../lib/gcc/arm-none-eabi/10.2.0/../../../../arm-none-eabi/lib/thumb/v7e-m+fp/hard\libc_nano.a(lib_a-memmove.o)
 .text          0x00400ea0        0x0 c:/nxp/s32ds.3.5/s32ds/build_tools/gcc_v10.2/gcc-10.2-arm32-eabi/bin/../lib/gcc/arm-none-eabi/10.2.0/../../../../arm-none-eabi/lib/thumb/v7e-m+fp/hard\libc_nano.a(lib_a-memset.o)
 *(.text*)
 .text.memmove  0x00400ea0       0x34 c:/nxp/s32ds.3.5/s32ds/build_tools/gcc_v10.2/gcc-10.2-arm32-eabi/bin/../lib/gcc/arm-none-eabi/10.2.0/../../../../arm-none-eabi/lib/thumb/v7e-m+fp/hard\libc_nano.a(lib_a-memmove.o)
                0x00400ea0                memmove
 .text.memset   0x00400ed4       0x10 c:/nxp/s32ds.3.5/s32ds/build_tools/gcc_v10.2/gcc-10.2-arm32-eabi/bin/../lib/gcc/arm-none-eabi/10.2.0/../../../../arm-none-eabi/lib/thumb/v7e-m+fp/hard\libc_nano.a(lib_a-memset.o)
                0x00400ed4                memset
                0x00400ee4                . = ALIGN (0x4)
 *(.mcal_text)
 .mcal_text     0x00400ee4       0x14 ./Project_Settings/Startup_Code/exceptions.o
                0x00400ee4                NMI_Handler
                0x00400ee6                HardFault_Handler
                0x00400ee8                MemManage_Handler
                0x00400eea                BusFault_Handler
                0x00400eec                UsageFault_Handler
                0x00400eee                SVC_Handler
                0x00400ef0                DebugMon_Handler
                0x00400ef2                PendSV_Handler
                0x00400ef4                SysTick_Handler
                0x00400ef6                undefined_handler
 .mcal_text     0x00400ef8       0x52 ./Project_Settings/Startup_Code/nvic.o
                0x00400ef8                NVIC_SetPriorityGrouping
                0x00400f0c                NVIC_EnableIRQ
                0x00400f24                NVIC_DisableIRQ
                0x00400f3c                NVIC_SetPriority
 *fill*         0x00400f4a        0x2 
 .mcal_text     0x00400f4c       0xe8 ./Project_Settings/Startup_Code/startup.o
                0x00400f4c                init_data_bss
                0x00400fd8                init_data_bss_core2
 .mcal_text     0x00401034      0x2ec ./Project_Settings/Startup_Code/system.o
                0x00401034                startup_go_to_user_mode
                0x00401036                default_interrupt_routine
                0x00401038                SystemInit
 .mcal_text     0x00401320      0x88c ./RTD/src/Clock_Ip.o
                0x00401322                Clock_Ip_InitClock
                0x004018d0                Clock_Ip_GetPllStatus
                0x00401974                Clock_Ip_DistributePll
                0x00401a60                Clock_Ip_Init
                0x00401a84                Clock_Ip_DisableClockMonitor
                0x00401aa8                Clock_Ip_InstallNotificationsCallback
                0x00401ab4                Clock_Ip_DisableModuleClock
                0x00401adc                Clock_Ip_EnableModuleClock
                0x00401b04                Clock_Ip_DisableFircInStandby
                0x00401b1c                Clock_Ip_EnableFircInStandby
                0x00401b34                Clock_Ip_DisableSircInStandby
                0x00401b4c                Clock_Ip_EnableSircInStandby
                0x00401b64                Clock_Ip_ReportClockErrors
                0x00401b70                Clock_Ip_StartTimeout
                0x00401b90                Clock_Ip_TimeoutExpired
 .mcal_text     0x00401bac      0x120 ./RTD/src/Clock_Ip_Divider.o
 .mcal_text     0x00401ccc       0x9c ./RTD/src/Clock_Ip_DividerTrigger.o
 .mcal_text     0x00401d68      0x128 ./RTD/src/Clock_Ip_ExtOsc.o
 .mcal_text     0x00401e90        0x6 ./RTD/src/Clock_Ip_FracDiv.o
 .mcal_text     0x00401e96        0x2 ./RTD/src/Clock_Ip_Frequency.o
                0x00401e96                Clock_Ip_SetExternalSignalFrequency
 .mcal_text     0x00401e98      0x128 ./RTD/src/Clock_Ip_Gate.o
 .mcal_text     0x00401fc0      0x104 ./RTD/src/Clock_Ip_IntOsc.o
 .mcal_text     0x004020c4        0x4 ./RTD/src/Clock_Ip_Irq.o
                0x004020c4                Mcu_Cmu_ClockFail_IRQHandler
 .mcal_text     0x004020c8      0x204 ./RTD/src/Clock_Ip_Monitor.o
                0x00402274                Clock_Ip_CMU_GetInterruptStatus
                0x00402288                Clock_Ip_CMU_ClockFailInt
 .mcal_text     0x004022cc      0x17c ./RTD/src/Clock_Ip_Pll.o
 .mcal_text     0x00402448      0x154 ./RTD/src/Clock_Ip_ProgFreqSwitch.o
 .mcal_text     0x0040259c      0x3dc ./RTD/src/Clock_Ip_Selector.o
                0x0040294c                Clock_Ip_SetRtcRtccClksel_TrustedCall
 .mcal_text     0x00402978      0x264 ./RTD/src/Clock_Ip_Specific.o
                0x00402978                Clock_Ip_McMeEnterKey
                0x0040298c                Clock_Ip_PowerClockIpModules
                0x00402b28                DisableFircInStandbyMode
                0x00402b38                EnableFircInStandbyMode
                0x00402b54                DisableSircInStandbyMode
                0x00402b64                EnableSircInStandbyMode
                0x00402b80                Clock_Ip_Command
                0x00402bd0                Clock_Ip_FLASH_SetFlashIWS
                0x00402bd4                Clock_Ip_SetFlashWaitStates
                0x00402bd8                Clock_Ip_SetRamWaitStates
 .mcal_text     0x00402bdc       0xa4 ./RTD/src/Det.o
                0x00402bdc                Det_Init
                0x00402bde                Det_ReportError
                0x00402c14                Det_ReportRuntimeError
                0x00402c48                Det_ReportTransientFault
                0x00402c7c                Det_Start
 .mcal_text     0x00402c80      0x21c ./RTD/src/Det_stub.o
                0x00402c80                Det_TestLastReportError
                0x00402ce8                Det_TestLastReportRuntimeError
                0x00402d50                Det_TestLastReportTransientFault
                0x00402db8                Det_TestNoError
                0x00402e04                Det_TestNoRuntimeError
                0x00402e50                Det_TestNoTransientFault
 .mcal_text     0x00402e9c       0x1e ./RTD/src/OsIf_Timer.o
                0x00402e9c                OsIf_Init
                0x00402ea4                OsIf_GetCounter
                0x00402ea8                OsIf_GetElapsed
                0x00402eb0                OsIf_SetTimerFrequency
                0x00402eb2                OsIf_MicrosToTicks
 .mcal_text     0x00402eba       0x42 ./RTD/src/OsIf_Timer_System_Internal_Systick.o
                0x00402eba                OsIf_Timer_System_Internal_Init
                0x00402ed0                OsIf_Timer_System_Internal_GetCounter
                0x00402edc                OsIf_Timer_System_Internal_GetElapsed
 .mcal_text     0x00402efc       0xc8 ./RTD/src/SchM_Dio.o
                0x00402efc                SchM_Enter_Dio_DIO_EXCLUSIVE_AREA_00
                0x00402f30                SchM_Exit_Dio_DIO_EXCLUSIVE_AREA_00
                0x00402f60                SchM_Enter_Dio_DIO_EXCLUSIVE_AREA_01
                0x00402f94                SchM_Exit_Dio_DIO_EXCLUSIVE_AREA_01
 .mcal_text     0x00402fc4      0x12c ./RTD/src/SchM_Mcu.o
                0x00402fc4                SchM_Enter_Mcu_MCU_EXCLUSIVE_AREA_00
                0x00402ff8                SchM_Exit_Mcu_MCU_EXCLUSIVE_AREA_00
                0x00403028                SchM_Enter_Mcu_MCU_EXCLUSIVE_AREA_01
                0x0040305c                SchM_Exit_Mcu_MCU_EXCLUSIVE_AREA_01
                0x0040308c                SchM_Enter_Mcu_MCU_EXCLUSIVE_AREA_02
                0x004030c0                SchM_Exit_Mcu_MCU_EXCLUSIVE_AREA_02
 .mcal_text     0x004030f0      0xaf0 ./RTD/src/SchM_Port.o
                0x004030f0                SchM_Enter_Port_PORT_EXCLUSIVE_AREA_00
                0x00403124                SchM_Exit_Port_PORT_EXCLUSIVE_AREA_00
                0x00403154                SchM_Enter_Port_PORT_EXCLUSIVE_AREA_01
                0x00403188                SchM_Exit_Port_PORT_EXCLUSIVE_AREA_01
                0x004031b8                SchM_Enter_Port_PORT_EXCLUSIVE_AREA_02
                0x004031ec                SchM_Exit_Port_PORT_EXCLUSIVE_AREA_02
                0x0040321c                SchM_Enter_Port_PORT_EXCLUSIVE_AREA_03
                0x00403250                SchM_Exit_Port_PORT_EXCLUSIVE_AREA_03
                0x00403280                SchM_Enter_Port_PORT_EXCLUSIVE_AREA_04
                0x004032b4                SchM_Exit_Port_PORT_EXCLUSIVE_AREA_04
                0x004032e4                SchM_Enter_Port_PORT_EXCLUSIVE_AREA_05
                0x00403318                SchM_Exit_Port_PORT_EXCLUSIVE_AREA_05
                0x00403348                SchM_Enter_Port_PORT_EXCLUSIVE_AREA_06
                0x0040337c                SchM_Exit_Port_PORT_EXCLUSIVE_AREA_06
                0x004033ac                SchM_Enter_Port_PORT_EXCLUSIVE_AREA_07
                0x004033e0                SchM_Exit_Port_PORT_EXCLUSIVE_AREA_07
                0x00403410                SchM_Enter_Port_PORT_EXCLUSIVE_AREA_08
                0x00403444                SchM_Exit_Port_PORT_EXCLUSIVE_AREA_08
                0x00403474                SchM_Enter_Port_PORT_EXCLUSIVE_AREA_09
                0x004034a8                SchM_Exit_Port_PORT_EXCLUSIVE_AREA_09
                0x004034d8                SchM_Enter_Port_PORT_EXCLUSIVE_AREA_10
                0x0040350c                SchM_Exit_Port_PORT_EXCLUSIVE_AREA_10
                0x0040353c                SchM_Enter_Port_PORT_EXCLUSIVE_AREA_11
                0x00403570                SchM_Exit_Port_PORT_EXCLUSIVE_AREA_11
                0x004035a0                SchM_Enter_Port_PORT_EXCLUSIVE_AREA_12
                0x004035d4                SchM_Exit_Port_PORT_EXCLUSIVE_AREA_12
                0x00403604                SchM_Enter_Port_PORT_EXCLUSIVE_AREA_13
                0x00403638                SchM_Exit_Port_PORT_EXCLUSIVE_AREA_13
                0x00403668                SchM_Enter_Port_PORT_EXCLUSIVE_AREA_14
                0x0040369c                SchM_Exit_Port_PORT_EXCLUSIVE_AREA_14
                0x004036cc                SchM_Enter_Port_PORT_EXCLUSIVE_AREA_15
                0x00403700                SchM_Exit_Port_PORT_EXCLUSIVE_AREA_15
                0x00403730                SchM_Enter_Port_PORT_EXCLUSIVE_AREA_16
                0x00403764                SchM_Exit_Port_PORT_EXCLUSIVE_AREA_16
                0x00403794                SchM_Enter_Port_PORT_EXCLUSIVE_AREA_17
                0x004037c8                SchM_Exit_Port_PORT_EXCLUSIVE_AREA_17
                0x004037f8                SchM_Enter_Port_PORT_EXCLUSIVE_AREA_18
                0x0040382c                SchM_Exit_Port_PORT_EXCLUSIVE_AREA_18
                0x0040385c                SchM_Enter_Port_PORT_EXCLUSIVE_AREA_19
                0x00403890                SchM_Exit_Port_PORT_EXCLUSIVE_AREA_19
                0x004038c0                SchM_Enter_Port_PORT_EXCLUSIVE_AREA_20
                0x004038f4                SchM_Exit_Port_PORT_EXCLUSIVE_AREA_20
                0x00403924                SchM_Enter_Port_PORT_EXCLUSIVE_AREA_21
                0x00403958                SchM_Exit_Port_PORT_EXCLUSIVE_AREA_21
                0x00403988                SchM_Enter_Port_PORT_EXCLUSIVE_AREA_22
                0x004039bc                SchM_Exit_Port_PORT_EXCLUSIVE_AREA_22
                0x004039ec                SchM_Enter_Port_PORT_EXCLUSIVE_AREA_23
                0x00403a20                SchM_Exit_Port_PORT_EXCLUSIVE_AREA_23
                0x00403a50                SchM_Enter_Port_PORT_EXCLUSIVE_AREA_24
                0x00403a84                SchM_Exit_Port_PORT_EXCLUSIVE_AREA_24
                0x00403ab4                SchM_Enter_Port_PORT_EXCLUSIVE_AREA_25
                0x00403ae8                SchM_Exit_Port_PORT_EXCLUSIVE_AREA_25
                0x00403b18                SchM_Enter_Port_PORT_EXCLUSIVE_AREA_26
                0x00403b4c                SchM_Exit_Port_PORT_EXCLUSIVE_AREA_26
                0x00403b7c                SchM_Enter_Port_PORT_EXCLUSIVE_AREA_27
                0x00403bb0                SchM_Exit_Port_PORT_EXCLUSIVE_AREA_27
 .mcal_text     0x00403be0      0x190 ./RTD/src/Siul2_Dio_Ip.o
                0x00403c16                Siul2_Dio_Ip_WritePin
                0x00403c6a                Siul2_Dio_Ip_WritePins
                0x00403c82                Siul2_Dio_Ip_GetPinsOutput
                0x00403c9a                Siul2_Dio_Ip_SetPins
                0x00403cb8                Siul2_Dio_Ip_ClearPins
                0x00403cd8                Siul2_Dio_Ip_TogglePins
                0x00403cf6                Siul2_Dio_Ip_ReadPins
                0x00403d10                Siul2_Dio_Ip_ReadPin
                0x00403d42                Siul2_Dio_Ip_MaskedWritePins
 .mcal_text     0x00403d70      0x458 ./RTD/src/Siul2_Port_Ip.o
                0x00403ec4                Siul2_Port_Ip_Init
                0x00403ef4                Siul2_Port_Ip_SetPullSel
                0x00403f50                Siul2_Port_Ip_SetOutputBuffer
                0x00403fb6                Siul2_Port_Ip_SetInputBuffer
                0x00404026                Siul2_Port_Ip_SetPinDirection
                0x0040409e                Siul2_Port_Ip_RevertPinConfiguration
                0x00404100                Siul2_Port_Ip_GetPinConfiguration
 .mcal_text     0x004041c8       0xd0 ./RTD/src/Tspc_Port_Ip.o
                0x004041c8                Tspc_Port_Ip_EnableObeGroup
                0x004041f8                Tspc_Port_Ip_ConfigureObeGroup
                0x00404298                . = ALIGN (0x4)
 *(.acmcu_code_rom)
                0x00404298                . = ALIGN (0x4)
                0x00404298                __acfls_code_rom_start = .
 *(.acfls_code_rom)
 .acfls_code_rom
                0x00404298       0x40 ./RTD/src/Clock_Ip_Specific.o
                0x00404298                Clock_Ip_PRAMCSetRamIWS
 .acfls_code_rom.__stub
                0x004042d8        0x8 linker stubs
                0x004042e0                . = ALIGN (0x4)
 *(.acmem_43_INFLS_code_rom)
                0x004042e0                . = ALIGN (0x4)
                0x004042e0                __acfls_code_rom_end = .
 *(.init)
                0x004042e0                . = ALIGN (0x4)
 *(.fini)
                0x004042e0                . = ALIGN (0x4)
 *(.rodata)
 .rodata        0x004042e0        0x3 ./RTD/src/Clock_Ip_IntOsc.o
 *fill*         0x004042e3        0x1 
 .rodata        0x004042e4        0x4 ./RTD/src/Siul2_Port_Ip.o
                0x004042e4                Port_au32Siul2BaseAddr
 *(.rodata*)
                0x004042e8                . = ALIGN (0x4)
 *(.mcal_const_cfg)
 .mcal_const_cfg
                0x004042e8      0x178 ./board/Siul2_Port_Ip_Cfg.o
                0x004042e8                g_pin_mux_InitConfigArr0
 .mcal_const_cfg
                0x00404460      0x3b4 ./generate/src/Clock_Ip_Cfg.o
                0x00404460                Clock_Ip_aClockConfig
                0x00404814                . = ALIGN (0x4)
 *(.mcal_const)
 .mcal_const    0x00404814      0xe32 ./RTD/src/Clock_Ip_Data.o
                0x00404814                Clock_Ip_axGateInfo
                0x00404eec                Clock_Ip_axFeatureExtensions
                0x0040510c                Clock_Ip_aeHwDfsName
                0x00405110                Clock_Ip_aeHwPllName
                0x00405114                Clock_Ip_aeSourceTypeClockName
                0x00405158                Clock_Ip_apxMcMeTriggerPartitions
                0x00405168                Clock_Ip_apxMcMeGetPartitions
                0x00405178                Clock_Ip_apxMcMeSetPartitions
                0x00405188                Clock_Ip_axCmuInfo
                0x004051f8                Clock_Ip_aeCmuNames
                0x00405214                Clock_Ip_apxCmu
                0x00405230                Clock_Ip_apxPll
                0x00405240                Clock_Ip_apxXosc
                0x00405248                Clock_Ip_apxCgmPcfs
                0x0040524c                Clock_Ip_apxCgm
                0x0040529c                Clock_Ip_au16SelectorEntryRtcHardwareValue
                0x004052be                Clock_Ip_au16SelectorEntryHardwareValue
                0x004052e0                Clock_Ip_au8SoftwareMuxResetValue
                0x0040532e                Clock_Ip_au8ClockFeatures
                0x004055ec                Clock_Ip_au8CmuCallbackIndex
                0x004055f5                Clock_Ip_au8PcfsCallbackIndex
                0x004055fe                Clock_Ip_au8SelectorCallbackIndex
                0x00405607                Clock_Ip_au8PllCallbackIndex
                0x00405610                Clock_Ip_au8FractionalDividerCallbackIndex
                0x00405619                Clock_Ip_au8GateCallbackIndex
                0x00405622                Clock_Ip_au8IrcoscCallbackIndex
                0x0040562b                Clock_Ip_au8XoscCallbackIndex
                0x00405634                Clock_Ip_au8DividerTriggerCallbackIndex
                0x0040563d                Clock_Ip_au8DividerCallbackIndex
 *fill*         0x00405646        0x2 
 .mcal_const    0x00405648       0x10 ./RTD/src/Clock_Ip_Divider.o
                0x00405648                Clock_Ip_axDividerCallbacks
 .mcal_const    0x00405658       0x10 ./RTD/src/Clock_Ip_DividerTrigger.o
                0x00405658                Clock_Ip_axDividerTriggerCallbacks
 .mcal_const    0x00405668       0x28 ./RTD/src/Clock_Ip_ExtOsc.o
                0x00405668                Clock_Ip_axExtOscCallbacks
 .mcal_const    0x00405690        0xc ./RTD/src/Clock_Ip_FracDiv.o
                0x00405690                Clock_Ip_axFracDivCallbacks
 .mcal_const    0x0040569c       0x10 ./RTD/src/Clock_Ip_Gate.o
                0x0040569c                Clock_Ip_axGateCallbacks
 .mcal_const    0x004056ac       0x30 ./RTD/src/Clock_Ip_IntOsc.o
                0x004056ac                Clock_Ip_axIntOscCallbacks
 .mcal_const    0x004056dc       0x20 ./RTD/src/Clock_Ip_Monitor.o
                0x004056dc                Clock_Ip_axCmuCallbacks
 .mcal_const    0x004056fc       0x28 ./RTD/src/Clock_Ip_Pll.o
                0x004056fc                Clock_Ip_axPllCallbacks
 .mcal_const    0x00405724        0x8 ./RTD/src/Clock_Ip_ProgFreqSwitch.o
                0x00405724                Clock_Ip_axPcfsCallbacks
 .mcal_const    0x0040572c       0x28 ./RTD/src/Clock_Ip_Selector.o
                0x0040572c                Clock_Ip_axSelectorCallbacks
                0x00405754                . = ALIGN (0x4)
                0x00405754                __init_table = .
 *(.init_table)
 .init_table    0x00405754       0x4c ./Project_Settings/Startup_Code/startup_cm7.o
                0x004057a0                . = ALIGN (0x4)
                0x004057a0                __zero_table = .
 *(.zero_table)
 .zero_table    0x004057a0       0x1c ./Project_Settings/Startup_Code/startup_cm7.o

.glue_7         0x004057bc        0x0
 .glue_7        0x004057bc        0x0 linker stubs

.glue_7t        0x004057bc        0x0
 .glue_7t       0x004057bc        0x0 linker stubs

.vfp11_veneer   0x004057bc        0x0
 .vfp11_veneer  0x004057bc        0x0 linker stubs

.v4_bx          0x004057bc        0x0
 .v4_bx         0x004057bc        0x0 linker stubs

.iplt           0x004057bc        0x0
 .iplt          0x004057bc        0x0 ./Project_Settings/Startup_Code/Vector_Table.o

.rel.dyn        0x004057bc        0x0
 .rel.iplt      0x004057bc        0x0 ./Project_Settings/Startup_Code/Vector_Table.o
                0x004057bc                . = ALIGN (0x4)
                0x004057bc                __text_end = .
                0x004057bc                __sram_data_rom = __text_end

.sram_bss       0x20400000      0x108
                0x20400000                . = ALIGN (0x8)
                0x20400000                __standby_ram_begin__ = .
 *(.standby_data)
                0x20400000                . = ALIGN (0x8)
                0x20400000                __standby_ram_end__ = .
                0x20400000                . = ALIGN (0x10)
                0x20400000                __sram_bss_start = .
 *(.bss)
 .bss           0x20400000        0x0 ./Project_Settings/Startup_Code/Vector_Table.o
 .bss           0x20400000        0x0 ./Project_Settings/Startup_Code/exceptions.o
 .bss           0x20400000        0x0 ./Project_Settings/Startup_Code/nvic.o
 .bss           0x20400000        0x0 ./Project_Settings/Startup_Code/startup.o
 .bss           0x20400000        0x0 ./Project_Settings/Startup_Code/startup_cm7.o
 .bss           0x20400000       0x78 ./Project_Settings/Startup_Code/system.o
                0x20400000                rbar
                0x2040003c                rasr
 .bss           0x20400078        0x0 ./RTD/src/Clock_Ip.o
 .bss           0x20400078        0x0 ./RTD/src/Clock_Ip_Data.o
 .bss           0x20400078        0x0 ./RTD/src/Clock_Ip_Divider.o
 .bss           0x20400078        0x0 ./RTD/src/Clock_Ip_DividerTrigger.o
 .bss           0x20400078        0x0 ./RTD/src/Clock_Ip_ExtOsc.o
 .bss           0x20400078        0x0 ./RTD/src/Clock_Ip_FracDiv.o
 .bss           0x20400078        0x0 ./RTD/src/Clock_Ip_Frequency.o
 .bss           0x20400078        0x0 ./RTD/src/Clock_Ip_Gate.o
 .bss           0x20400078        0x0 ./RTD/src/Clock_Ip_IntOsc.o
 .bss           0x20400078        0x0 ./RTD/src/Clock_Ip_Irq.o
 .bss           0x20400078        0x0 ./RTD/src/Clock_Ip_Monitor.o
 .bss           0x20400078        0x0 ./RTD/src/Clock_Ip_Pll.o
 .bss           0x20400078        0x0 ./RTD/src/Clock_Ip_ProgFreqSwitch.o
 .bss           0x20400078        0x0 ./RTD/src/Clock_Ip_Selector.o
 .bss           0x20400078        0x0 ./RTD/src/Clock_Ip_Specific.o
 .bss           0x20400078        0x0 ./RTD/src/Det.o
 .bss           0x20400078        0x0 ./RTD/src/Det_stub.o
 .bss           0x20400078        0x0 ./RTD/src/Igf_Port_Ip.o
 .bss           0x20400078        0x0 ./RTD/src/OsIf_Interrupts.o
 .bss           0x20400078        0x0 ./RTD/src/OsIf_Timer.o
 .bss           0x20400078        0x0 ./RTD/src/OsIf_Timer_System.o
 .bss           0x20400078        0x0 ./RTD/src/OsIf_Timer_System_Internal_Systick.o
 .bss           0x20400078        0x0 ./RTD/src/SchM_Dio.o
 .bss           0x20400078        0x0 ./RTD/src/SchM_Mcu.o
 .bss           0x20400078        0x0 ./RTD/src/SchM_Port.o
 .bss           0x20400078        0x0 ./RTD/src/Siul2_Dio_Ip.o
 .bss           0x20400078        0x0 ./RTD/src/Siul2_Port_Ip.o
 .bss           0x20400078        0x0 ./RTD/src/Tspc_Port_Ip.o
 .bss           0x20400078        0x0 ./board/Siul2_Port_Ip_Cfg.o
 .bss           0x20400078        0x0 ./board/Tspc_Port_Ip_Cfg.o
 .bss           0x20400078        0x0 ./generate/src/Clock_Ip_Cfg.o
 .bss           0x20400078        0x0 ./generate/src/Igf_Port_Ip_Cfg.o
 .bss           0x20400078        0x0 ./generate/src/OsIf_Cfg.o
 .bss           0x20400078        0x8 ./src/main.o
                0x2040007c                exit_code
 .bss           0x20400080        0x0 c:/nxp/s32ds.3.5/s32ds/build_tools/gcc_v10.2/gcc-10.2-arm32-eabi/bin/../lib/gcc/arm-none-eabi/10.2.0/../../../../arm-none-eabi/lib/thumb/v7e-m+fp/hard\libc_nano.a(lib_a-memmove.o)
 .bss           0x20400080        0x0 c:/nxp/s32ds.3.5/s32ds/build_tools/gcc_v10.2/gcc-10.2-arm32-eabi/bin/../lib/gcc/arm-none-eabi/10.2.0/../../../../arm-none-eabi/lib/thumb/v7e-m+fp/hard\libc_nano.a(lib_a-memset.o)
 *(.bss*)
                0x20400080                . = ALIGN (0x10)
 *(.mcal_bss)
 .mcal_bss      0x20400080        0x4 ./Project_Settings/Startup_Code/system.o
                0x20400080                RESET_CATCH_CORE
 .mcal_bss      0x20400084       0x59 ./RTD/src/Clock_Ip.o
                0x20400088                Clock_Ip_FreqIds
                0x204000d8                Clock_Ip_pxConfig
 *fill*         0x204000dd        0x3 
 .mcal_bss      0x204000e0       0x10 ./RTD/src/Clock_Ip_Monitor.o
 .mcal_bss      0x204000f0        0x4 ./RTD/src/Clock_Ip_ProgFreqSwitch.o
 .mcal_bss      0x204000f4        0xc ./RTD/src/Clock_Ip_Specific.o
 .mcal_bss      0x20400100        0x8 ./RTD/src/Siul2_Port_Ip.o
                0x20400108                . = ALIGN (0x4)
                0x20400108                __sram_bss_end = .

.sram_data      0x20400108       0x98 load address 0x004057bc
                0x20400108                . = ALIGN (0x4)
                0x20400108                __sram_data_begin__ = .
                0x20400108                . = ALIGN (0x4)
 *(.ramcode)
 .ramcode       0x20400108       0x90 ./RTD/src/Clock_Ip_Specific.o
                0x20400198                . = ALIGN (0x4)
 *(.data)
 .data          0x20400198        0x0 ./Project_Settings/Startup_Code/Vector_Table.o
 .data          0x20400198        0x0 ./Project_Settings/Startup_Code/exceptions.o
 .data          0x20400198        0x0 ./Project_Settings/Startup_Code/nvic.o
 .data          0x20400198        0x0 ./Project_Settings/Startup_Code/startup.o
 .data          0x20400198        0x0 ./Project_Settings/Startup_Code/startup_cm7.o
 .data          0x20400198        0x0 ./Project_Settings/Startup_Code/system.o
 .data          0x20400198        0x4 ./RTD/src/Clock_Ip.o
 .data          0x2040019c        0x0 ./RTD/src/Clock_Ip_Data.o
 .data          0x2040019c        0x0 ./RTD/src/Clock_Ip_Divider.o
 .data          0x2040019c        0x0 ./RTD/src/Clock_Ip_DividerTrigger.o
 .data          0x2040019c        0x0 ./RTD/src/Clock_Ip_ExtOsc.o
 .data          0x2040019c        0x0 ./RTD/src/Clock_Ip_FracDiv.o
 .data          0x2040019c        0x0 ./RTD/src/Clock_Ip_Frequency.o
 .data          0x2040019c        0x0 ./RTD/src/Clock_Ip_Gate.o
 .data          0x2040019c        0x0 ./RTD/src/Clock_Ip_IntOsc.o
 .data          0x2040019c        0x0 ./RTD/src/Clock_Ip_Irq.o
 .data          0x2040019c        0x0 ./RTD/src/Clock_Ip_Monitor.o
 .data          0x2040019c        0x0 ./RTD/src/Clock_Ip_Pll.o
 .data          0x2040019c        0x0 ./RTD/src/Clock_Ip_ProgFreqSwitch.o
 .data          0x2040019c        0x0 ./RTD/src/Clock_Ip_Selector.o
 .data          0x2040019c        0x0 ./RTD/src/Clock_Ip_Specific.o
 .data          0x2040019c        0x0 ./RTD/src/Det.o
 .data          0x2040019c        0x0 ./RTD/src/Det_stub.o
 .data          0x2040019c        0x0 ./RTD/src/Igf_Port_Ip.o
 .data          0x2040019c        0x0 ./RTD/src/OsIf_Interrupts.o
 .data          0x2040019c        0x0 ./RTD/src/OsIf_Timer.o
 .data          0x2040019c        0x0 ./RTD/src/OsIf_Timer_System.o
 .data          0x2040019c        0x0 ./RTD/src/OsIf_Timer_System_Internal_Systick.o
 .data          0x2040019c        0x0 ./RTD/src/SchM_Dio.o
 .data          0x2040019c        0x0 ./RTD/src/SchM_Mcu.o
 .data          0x2040019c        0x0 ./RTD/src/SchM_Port.o
 .data          0x2040019c        0x0 ./RTD/src/Siul2_Dio_Ip.o
 .data          0x2040019c        0x0 ./RTD/src/Siul2_Port_Ip.o
 .data          0x2040019c        0x0 ./RTD/src/Tspc_Port_Ip.o
 .data          0x2040019c        0x0 ./board/Siul2_Port_Ip_Cfg.o
 .data          0x2040019c        0x0 ./board/Tspc_Port_Ip_Cfg.o
 .data          0x2040019c        0x0 ./generate/src/Clock_Ip_Cfg.o
 .data          0x2040019c        0x0 ./generate/src/Igf_Port_Ip_Cfg.o
 .data          0x2040019c        0x0 ./generate/src/OsIf_Cfg.o
 .data          0x2040019c        0x0 ./src/main.o
 .data          0x2040019c        0x0 c:/nxp/s32ds.3.5/s32ds/build_tools/gcc_v10.2/gcc-10.2-arm32-eabi/bin/../lib/gcc/arm-none-eabi/10.2.0/../../../../arm-none-eabi/lib/thumb/v7e-m+fp/hard\libc_nano.a(lib_a-memmove.o)
 .data          0x2040019c        0x0 c:/nxp/s32ds.3.5/s32ds/build_tools/gcc_v10.2/gcc-10.2-arm32-eabi/bin/../lib/gcc/arm-none-eabi/10.2.0/../../../../arm-none-eabi/lib/thumb/v7e-m+fp/hard\libc_nano.a(lib_a-memset.o)
 *(.data*)
                0x2040019c                . = ALIGN (0x4)
 *(.mcal_data)
 .mcal_data     0x2040019c        0x4 ./RTD/src/Siul2_Dio_Ip.o
                0x2040019c                Siul2_Dio_Ip_au32BaseAdresses
                0x204001a0                . = ALIGN (0x4)
                0x204001a0                __sram_data_end__ = .
                0x00405854                __sram_data_rom_end = (__sram_data_rom + (__sram_data_end__ - __sram_data_begin__))

.heap           0x204001a0        0x0
                0x00000000                . = (. + ALIGN (0x4))
                0x204001a0                _end = .
                0x204001a0                end = .
                0x204001a0                _heap_start = .
                0x00000000                . = (. + HEAP_SIZE)
                0x204001a0                _heap_end = .

.acfls_code_ram
                0x20403f00        0x0
                0x20403f00                acfls_code_ram_start = .
 *(.acfls_code_ram)
                0x20403f00                acfls_code_ram_stop = .
                0x00405854                __non_cacheable_data_rom = __sram_data_rom_end

.non_cacheable_data
                0x20404000        0x4 load address 0x00405854
                0x20404000                . = ALIGN (0x4)
                0x20404000                __non_cacheable_data_start__ = .
 *(.mcal_data_no_cacheable)
                0x20404000                . = ALIGN (0x4)
 *(.mcal_const_no_cacheable)
                0x20404000                . = ALIGN (0x4)
                0x20404000                HSE_LOOP_ADDR = .
                0x20404000        0x4 LONG 0x0
                0x20404004                __non_cacheable_data_end__ = .
                0x00405858                __non_cacheable_data_rom_end = (__non_cacheable_data_rom + (__non_cacheable_data_end__ - __non_cacheable_data_start__))

.igot.plt       0x20404004        0x0 load address 0x00405858
 .igot.plt      0x20404004        0x0 ./Project_Settings/Startup_Code/Vector_Table.o

.non_cacheable_bss
                0x20404004      0x468 load address 0x00405858
                0x20404010                . = ALIGN (0x10)
 *fill*         0x20404004        0xc 
                0x20404010                __non_cacheable_bss_start = .
 *(.mcal_bss_no_cacheable)
 .mcal_bss_no_cacheable
                0x20404010       0x3c ./RTD/src/Det.o
                0x20404010                Det_TransientModuleId
                0x20404018                Det_ApiId
                0x2040401c                Det_TransientInstanceId
                0x20404020                Det_ErrorId
                0x20404024                Det_TransientApiId
                0x20404028                Det_RuntimeModuleId
                0x20404030                Det_TransientFaultId
                0x20404034                Det_RuntimeInstanceId
                0x20404038                Det_RuntimeApiId
                0x2040403c                Det_ModuleId
                0x20404044                Det_RuntimeErrorId
                0x20404048                Det_InstanceId
 .mcal_bss_no_cacheable
                0x2040404c       0x40 ./RTD/src/SchM_Dio.o
 .mcal_bss_no_cacheable
                0x2040408c       0x60 ./RTD/src/SchM_Mcu.o
 .mcal_bss_no_cacheable
                0x204040ec      0x380 ./RTD/src/SchM_Port.o
                0x2040446c                . = ALIGN (0x4)
                0x2040446c                __non_cacheable_bss_end = .

.int_results    0x20407b00      0x100
                0x20407b00                . = ALIGN (0x4)
 *(.int_results)
                0x20407c00                . = (. + 0x100)
 *fill*         0x20407b00      0x100 
                0x00405858                __shareable_data_rom = __non_cacheable_data_rom_end

.shareable_data
                0x20407c00        0x0 load address 0x00405858
                0x20407c00                . = ALIGN (0x4)
                0x20407c00                __shareable_data_start__ = .
 *(.mcal_shared_data)
                0x20407c00                . = ALIGN (0x4)
                0x20407c00                __shareable_data_end__ = .
                0x00405858                __shareable_data_rom_end = (__shareable_data_rom + (__shareable_data_end__ - __shareable_data_start__))

.int_vector     0x20000000      0x408
                0x20000000                . = ALIGN (0x800)
                0x20000000                __interrupts_ram_start = .
                0x20000408                . = (. + (__interrupts_init_end - __interrupts_init_start))
 *fill*         0x20000000      0x408 
                0x20000408                . = ALIGN (0x4)
                0x20000408                __interrupts_ram_end = .
                0x00405858                __tcm_data_rom = __shareable_data_rom_end

.data_tcm_data  0x20000408        0x0 load address 0x00405858
                0x20000408                . = ALIGN (0x4)
                0x20000408                __dtcm_data_start__ = .
 *(.dtcm_data*)
                0x20000408                . = ALIGN (0x4)
                0x20000408                __dtcm_data_end__ = .
                0x00405858                __tcm_data_rom_end = (__tcm_data_rom + (__dtcm_data_end__ - __dtcm_data_start__))

.bss_tcm_data   0x20000408        0x0
                0x20000408                . = ALIGN (0x4)
                0x20000408                __dtcm_bss_start__ = .
 *(.dtcm_bss*)
                0x20000408                . = ALIGN (0x4)
                0x20000408                __dtcm_bss_end__ = .
                0x00405858                __tcm_code_rom_start = __tcm_data_rom_end

.itcm_text      0x00000000        0x0 load address 0x00405858
                0x00000000                . = ALIGN (0x4)
                0x00000000                __itcm_start__ = .
 *(.itcm_text*)
                0x00000000                . = ALIGN (0x4)
                0x00000000                __itcm_end__ = .
                0x00405858                __tcm_code_rom_end = (__tcm_code_rom_start + (__itcm_end__ - __itcm_start__))

.shareable_bss  0x20407c00        0x0
                0x20407c00                . = ALIGN (0x10)
                0x20407c00                __shareable_bss_start = .
 *(.mcal_shared_bss)
                0x20407c00                . = ALIGN (0x4)
                0x20407c00                __shareable_bss_end = .
                0x2000f000                __Stack_dtcm_end = ORIGIN (int_stack_dtcm)
                0x20010000                __Stack_dtcm_start = (ORIGIN (int_stack_dtcm) + LENGTH (int_stack_dtcm))
                0x20400000                __INT_SRAM_START = ORIGIN (int_sram)
                0x20408000                __INT_SRAM_END = ORIGIN (ram_rsvd2)
                0x00000000                __INT_ITCM_START = ORIGIN (int_itcm)
                0x00008000                __INT_ITCM_END = (ORIGIN (int_itcm) + LENGTH (int_itcm))
                0x20000000                __INT_DTCM_START = ORIGIN (int_dtcm)
                0x20010000                __INT_DTCM_END = ((ORIGIN (int_dtcm) + LENGTH (int_dtcm)) + LENGTH (int_stack_dtcm))
                0x20407c00                __RAM_SHAREABLE_START = ORIGIN (int_sram_shareable)
                0x20408000                __RAM_SHAREABLE_END = (ORIGIN (int_sram_shareable) + LENGTH (int_sram_shareable))
                0x0000000a                __RAM_SHAREABLE_SIZE = 0xa
                0x00405858                __ROM_SHAREABLE_START = __shareable_data_rom
                0x00405858                __ROM_SHAREABLE_END = __shareable_data_rom_end
                0x20404000                __RAM_NO_CACHEABLE_START = ORIGIN (int_sram_no_cacheable)
                0x20407bff                __RAM_NO_CACHEABLE_END = (ORIGIN (int_sram_shareable) - 0x1)
                0x0000000e                __RAM_NO_CACHEABLE_SIZE = 0xe
                0x00405854                __ROM_NO_CACHEABLE_START = __non_cacheable_data_rom
                0x00405858                __ROM_NO_CACHEABLE_END = __non_cacheable_data_rom_end
                0x20400108                __RAM_CACHEABLE_START = __sram_data_begin__
                0x20403fff                __RAM_CACHEABLE_END = (ORIGIN (int_sram_no_cacheable) - 0x1)
                0x0000000e                __RAM_CACHEABLE_SIZE = 0xe
                0x004057bc                __ROM_CACHEABLE_START = __sram_data_rom
                0x00405854                __ROM_CACHEABLE_END = __sram_data_rom_end
                0x00400000                __ROM_CODE_START = ORIGIN (int_pflash)
                0x10000000                __ROM_DATA_START = ORIGIN (int_dflash)
                0x20400000                __BSS_SRAM_START = __sram_bss_start
                0x20400108                __BSS_SRAM_END = __sram_bss_end
                0x00000108                __BSS_SRAM_SIZE = (__sram_bss_end - __sram_bss_start)
                0x20404010                __BSS_SRAM_NC_START = __non_cacheable_bss_start
                0x0000045c                __BSS_SRAM_NC_SIZE = (__non_cacheable_bss_end - __non_cacheable_bss_start)
                0x2040446c                __BSS_SRAM_NC_END = __non_cacheable_bss_end
                0x20407c00                __BSS_SRAM_SH_START = __shareable_bss_start
                0x00000000                __BSS_SRAM_SH_SIZE = (__shareable_bss_end - __shareable_bss_start)
                0x20407c00                __BSS_SRAM_SH_END = __shareable_bss_end
                0x20000000                __RAM_INTERRUPT_START = __interrupts_ram_start
                0x00400800                __INIT_INTERRUPT_START = __interrupts_init_start
                0x00400c08                __INIT_INTERRUPT_END = __interrupts_init_end
                0x00000000                __RAM_ITCM_START = __itcm_start__
                0x00405858                __ROM_ITCM_START = __tcm_code_rom_start
                0x00405858                __ROM_ITCM_END = __tcm_code_rom_end
                0x20000408                __RAM_DTCM_DATA_START = __dtcm_data_start__
                0x00405858                __ROM_DTCM_DATA_START = __tcm_data_rom
                0x00405858                __ROM_DTCM_END = __tcm_data_rom_end
                0x00405754                __INIT_TABLE = __init_table
                0x004057a0                __ZERO_TABLE = __zero_table
                0x00000001                __RAM_INIT = 0x1
                0x00000001                __ITCM_INIT = 0x1
                0x00000001                __DTCM_INIT = 0x1
                0x00404298                Fls_ACEraseRomStart = __acfls_code_rom_start
                0x004042e0                Fls_ACEraseRomEnd = __acfls_code_rom_end
                0x00000012                Fls_ACEraseSize = ((__acfls_code_rom_end - __acfls_code_rom_start) / 0x4)
                0x00404298                Fls_ACWriteRomStart = __acfls_code_rom_start
                0x004042e0                Fls_ACWriteRomEnd = __acfls_code_rom_end
                0x00000012                Fls_ACWriteSize = ((__acfls_code_rom_end - __acfls_code_rom_start) / 0x4)
                0x20403f00                _ERASE_FUNC_ADDRESS_ = ADDR (.acfls_code_ram)
                0x20403f00                _WRITE_FUNC_ADDRESS_ = ADDR (.acfls_code_ram)
                0x00400800                __ENTRY_VTABLE = __INIT_INTERRUPT_START
                0x00400800                __CORE0_VTOR = __INIT_INTERRUPT_START
                0x00400800                __CORE1_VTOR = __INIT_INTERRUPT_START
                0x00400800                __CORE2_VTOR = __INIT_INTERRUPT_START
                0x00000003                __INDEX_COPY_CORE2 = 0x3
                0x00000001                ASSERT ((__standby_ram_end__ <= __STANDBY_RAM_LIMIT_END), Memory for standby ram overflow)
OUTPUT(led.elf elf32-littlearm)
LOAD linker stubs

.ARM.attributes
                0x00000000       0x30
 .ARM.attributes
                0x00000000       0x20 ./Project_Settings/Startup_Code/Vector_Table.o
 .ARM.attributes
                0x00000020       0x34 ./Project_Settings/Startup_Code/exceptions.o
 .ARM.attributes
                0x00000054       0x34 ./Project_Settings/Startup_Code/nvic.o
 .ARM.attributes
                0x00000088       0x34 ./Project_Settings/Startup_Code/startup.o
 .ARM.attributes
                0x000000bc       0x1f ./Project_Settings/Startup_Code/startup_cm7.o
 .ARM.attributes
                0x000000db       0x34 ./Project_Settings/Startup_Code/system.o
 .ARM.attributes
                0x0000010f       0x34 ./RTD/src/Clock_Ip.o
 .ARM.attributes
                0x00000143       0x39 ./RTD/src/Clock_Ip_Data.o
 .ARM.attributes
                0x0000017c       0x34 ./RTD/src/Clock_Ip_Divider.o
 .ARM.attributes
                0x000001b0       0x34 ./RTD/src/Clock_Ip_DividerTrigger.o
 .ARM.attributes
                0x000001e4       0x34 ./RTD/src/Clock_Ip_ExtOsc.o
 .ARM.attributes
                0x00000218       0x34 ./RTD/src/Clock_Ip_FracDiv.o
 .ARM.attributes
                0x0000024c       0x34 ./RTD/src/Clock_Ip_Frequency.o
 .ARM.attributes
                0x00000280       0x34 ./RTD/src/Clock_Ip_Gate.o
 .ARM.attributes
                0x000002b4       0x34 ./RTD/src/Clock_Ip_IntOsc.o
 .ARM.attributes
                0x000002e8       0x34 ./RTD/src/Clock_Ip_Irq.o
 .ARM.attributes
                0x0000031c       0x34 ./RTD/src/Clock_Ip_Monitor.o
 .ARM.attributes
                0x00000350       0x34 ./RTD/src/Clock_Ip_Pll.o
 .ARM.attributes
                0x00000384       0x34 ./RTD/src/Clock_Ip_ProgFreqSwitch.o
 .ARM.attributes
                0x000003b8       0x34 ./RTD/src/Clock_Ip_Selector.o
 .ARM.attributes
                0x000003ec       0x34 ./RTD/src/Clock_Ip_Specific.o
 .ARM.attributes
                0x00000420       0x34 ./RTD/src/Det.o
 .ARM.attributes
                0x00000454       0x34 ./RTD/src/Det_stub.o
 .ARM.attributes
                0x00000488       0x39 ./RTD/src/Igf_Port_Ip.o
 .ARM.attributes
                0x000004c1       0x39 ./RTD/src/OsIf_Interrupts.o
 .ARM.attributes
                0x000004fa       0x34 ./RTD/src/OsIf_Timer.o
 .ARM.attributes
                0x0000052e       0x39 ./RTD/src/OsIf_Timer_System.o
 .ARM.attributes
                0x00000567       0x34 ./RTD/src/OsIf_Timer_System_Internal_Systick.o
 .ARM.attributes
                0x0000059b       0x34 ./RTD/src/SchM_Dio.o
 .ARM.attributes
                0x000005cf       0x34 ./RTD/src/SchM_Mcu.o
 .ARM.attributes
                0x00000603       0x34 ./RTD/src/SchM_Port.o
 .ARM.attributes
                0x00000637       0x34 ./RTD/src/Siul2_Dio_Ip.o
 .ARM.attributes
                0x0000066b       0x34 ./RTD/src/Siul2_Port_Ip.o
 .ARM.attributes
                0x0000069f       0x34 ./RTD/src/Tspc_Port_Ip.o
 .ARM.attributes
                0x000006d3       0x39 ./board/Siul2_Port_Ip_Cfg.o
 .ARM.attributes
                0x0000070c       0x39 ./board/Tspc_Port_Ip_Cfg.o
 .ARM.attributes
                0x00000745       0x39 ./generate/src/Clock_Ip_Cfg.o
 .ARM.attributes
                0x0000077e       0x39 ./generate/src/Igf_Port_Ip_Cfg.o
 .ARM.attributes
                0x000007b7       0x39 ./generate/src/OsIf_Cfg.o
 .ARM.attributes
                0x000007f0       0x34 ./src/main.o
 .ARM.attributes
                0x00000824       0x34 c:/nxp/s32ds.3.5/s32ds/build_tools/gcc_v10.2/gcc-10.2-arm32-eabi/bin/../lib/gcc/arm-none-eabi/10.2.0/../../../../arm-none-eabi/lib/thumb/v7e-m+fp/hard\libc_nano.a(lib_a-memmove.o)
 .ARM.attributes
                0x00000858       0x34 c:/nxp/s32ds.3.5/s32ds/build_tools/gcc_v10.2/gcc-10.2-arm32-eabi/bin/../lib/gcc/arm-none-eabi/10.2.0/../../../../arm-none-eabi/lib/thumb/v7e-m+fp/hard\libc_nano.a(lib_a-memset.o)

.comment        0x00000000       0x88
 .comment       0x00000000       0x88 ./Project_Settings/Startup_Code/exceptions.o
                                 0x89 (size before relaxing)
 .comment       0x00000088       0x89 ./Project_Settings/Startup_Code/nvic.o
 .comment       0x00000088       0x89 ./Project_Settings/Startup_Code/startup.o
 .comment       0x00000088       0x89 ./Project_Settings/Startup_Code/system.o
 .comment       0x00000088       0x89 ./RTD/src/Clock_Ip.o
 .comment       0x00000088       0x89 ./RTD/src/Clock_Ip_Data.o
 .comment       0x00000088       0x89 ./RTD/src/Clock_Ip_Divider.o
 .comment       0x00000088       0x89 ./RTD/src/Clock_Ip_DividerTrigger.o
 .comment       0x00000088       0x89 ./RTD/src/Clock_Ip_ExtOsc.o
 .comment       0x00000088       0x89 ./RTD/src/Clock_Ip_FracDiv.o
 .comment       0x00000088       0x89 ./RTD/src/Clock_Ip_Frequency.o
 .comment       0x00000088       0x89 ./RTD/src/Clock_Ip_Gate.o
 .comment       0x00000088       0x89 ./RTD/src/Clock_Ip_IntOsc.o
 .comment       0x00000088       0x89 ./RTD/src/Clock_Ip_Irq.o
 .comment       0x00000088       0x89 ./RTD/src/Clock_Ip_Monitor.o
 .comment       0x00000088       0x89 ./RTD/src/Clock_Ip_Pll.o
 .comment       0x00000088       0x89 ./RTD/src/Clock_Ip_ProgFreqSwitch.o
 .comment       0x00000088       0x89 ./RTD/src/Clock_Ip_Selector.o
 .comment       0x00000088       0x89 ./RTD/src/Clock_Ip_Specific.o
 .comment       0x00000088       0x89 ./RTD/src/Det.o
 .comment       0x00000088       0x89 ./RTD/src/Det_stub.o
 .comment       0x00000088       0x89 ./RTD/src/Igf_Port_Ip.o
 .comment       0x00000088       0x89 ./RTD/src/OsIf_Interrupts.o
 .comment       0x00000088       0x89 ./RTD/src/OsIf_Timer.o
 .comment       0x00000088       0x89 ./RTD/src/OsIf_Timer_System.o
 .comment       0x00000088       0x89 ./RTD/src/OsIf_Timer_System_Internal_Systick.o
 .comment       0x00000088       0x89 ./RTD/src/SchM_Dio.o
 .comment       0x00000088       0x89 ./RTD/src/SchM_Mcu.o
 .comment       0x00000088       0x89 ./RTD/src/SchM_Port.o
 .comment       0x00000088       0x89 ./RTD/src/Siul2_Dio_Ip.o
 .comment       0x00000088       0x89 ./RTD/src/Siul2_Port_Ip.o
 .comment       0x00000088       0x89 ./RTD/src/Tspc_Port_Ip.o
 .comment       0x00000088       0x89 ./board/Siul2_Port_Ip_Cfg.o
 .comment       0x00000088       0x89 ./board/Tspc_Port_Ip_Cfg.o
 .comment       0x00000088       0x89 ./generate/src/Clock_Ip_Cfg.o
 .comment       0x00000088       0x89 ./generate/src/Igf_Port_Ip_Cfg.o
 .comment       0x00000088       0x89 ./generate/src/OsIf_Cfg.o
 .comment       0x00000088       0x89 ./src/main.o
 .comment       0x00000088       0x89 c:/nxp/s32ds.3.5/s32ds/build_tools/gcc_v10.2/gcc-10.2-arm32-eabi/bin/../lib/gcc/arm-none-eabi/10.2.0/../../../../arm-none-eabi/lib/thumb/v7e-m+fp/hard\libc_nano.a(lib_a-memmove.o)
 .comment       0x00000088       0x89 c:/nxp/s32ds.3.5/s32ds/build_tools/gcc_v10.2/gcc-10.2-arm32-eabi/bin/../lib/gcc/arm-none-eabi/10.2.0/../../../../arm-none-eabi/lib/thumb/v7e-m+fp/hard\libc_nano.a(lib_a-memset.o)

.debug_info     0x00000000    0x16ab9
 .debug_info    0x00000000      0x139 ./Project_Settings/Startup_Code/exceptions.o
 .debug_info    0x00000139      0x76a ./Project_Settings/Startup_Code/nvic.o
 .debug_info    0x000008a3      0x36f ./Project_Settings/Startup_Code/startup.o
 .debug_info    0x00000c12       0x22 ./Project_Settings/Startup_Code/startup_cm7.o
 .debug_info    0x00000c34      0xc20 ./Project_Settings/Startup_Code/system.o
 .debug_info    0x00001854     0x1e46 ./RTD/src/Clock_Ip.o
 .debug_info    0x0000369a     0x12cd ./RTD/src/Clock_Ip_Data.o
 .debug_info    0x00004967      0x8dc ./RTD/src/Clock_Ip_Divider.o
 .debug_info    0x00005243      0x6a0 ./RTD/src/Clock_Ip_DividerTrigger.o
 .debug_info    0x000058e3      0x7a6 ./RTD/src/Clock_Ip_ExtOsc.o
 .debug_info    0x00006089      0x463 ./RTD/src/Clock_Ip_FracDiv.o
 .debug_info    0x000064ec      0x2d1 ./RTD/src/Clock_Ip_Frequency.o
 .debug_info    0x000067bd      0x884 ./RTD/src/Clock_Ip_Gate.o
 .debug_info    0x00007041      0xb22 ./RTD/src/Clock_Ip_IntOsc.o
 .debug_info    0x00007b63       0xb2 ./RTD/src/Clock_Ip_Irq.o
 .debug_info    0x00007c15     0x122b ./RTD/src/Clock_Ip_Monitor.o
 .debug_info    0x00008e40      0x989 ./RTD/src/Clock_Ip_Pll.o
 .debug_info    0x000097c9      0xe40 ./RTD/src/Clock_Ip_ProgFreqSwitch.o
 .debug_info    0x0000a609      0xee7 ./RTD/src/Clock_Ip_Selector.o
 .debug_info    0x0000b4f0     0x1641 ./RTD/src/Clock_Ip_Specific.o
 .debug_info    0x0000cb31      0x420 ./RTD/src/Det.o
 .debug_info    0x0000cf51      0x471 ./RTD/src/Det_stub.o
 .debug_info    0x0000d3c2       0x7d ./RTD/src/Igf_Port_Ip.o
 .debug_info    0x0000d43f       0x7d ./RTD/src/OsIf_Interrupts.o
 .debug_info    0x0000d4bc      0x2c7 ./RTD/src/OsIf_Timer.o
 .debug_info    0x0000d783       0x7d ./RTD/src/OsIf_Timer_System.o
 .debug_info    0x0000d800      0x196 ./RTD/src/OsIf_Timer_System_Internal_Systick.o
 .debug_info    0x0000d996      0x2ce ./RTD/src/SchM_Dio.o
 .debug_info    0x0000dc64      0x39b ./RTD/src/SchM_Mcu.o
 .debug_info    0x0000dfff     0x17a0 ./RTD/src/SchM_Port.o
 .debug_info    0x0000f79f     0x15b7 ./RTD/src/Siul2_Dio_Ip.o
 .debug_info    0x00010d56     0x21a9 ./RTD/src/Siul2_Port_Ip.o
 .debug_info    0x00012eff      0x347 ./RTD/src/Tspc_Port_Ip.o
 .debug_info    0x00013246     0x149d ./board/Siul2_Port_Ip_Cfg.o
 .debug_info    0x000146e3       0x7d ./board/Tspc_Port_Ip_Cfg.o
 .debug_info    0x00014760      0xc6b ./generate/src/Clock_Ip_Cfg.o
 .debug_info    0x000153cb       0x7d ./generate/src/Igf_Port_Ip_Cfg.o
 .debug_info    0x00015448       0x7d ./generate/src/OsIf_Cfg.o
 .debug_info    0x000154c5     0x15f4 ./src/main.o

.debug_abbrev   0x00000000     0x3757
 .debug_abbrev  0x00000000       0x47 ./Project_Settings/Startup_Code/exceptions.o
 .debug_abbrev  0x00000047      0x102 ./Project_Settings/Startup_Code/nvic.o
 .debug_abbrev  0x00000149      0x119 ./Project_Settings/Startup_Code/startup.o
 .debug_abbrev  0x00000262       0x12 ./Project_Settings/Startup_Code/startup_cm7.o
 .debug_abbrev  0x00000274      0x229 ./Project_Settings/Startup_Code/system.o
 .debug_abbrev  0x0000049d      0x39d ./RTD/src/Clock_Ip.o
 .debug_abbrev  0x0000083a      0x14c ./RTD/src/Clock_Ip_Data.o
 .debug_abbrev  0x00000986      0x21e ./RTD/src/Clock_Ip_Divider.o
 .debug_abbrev  0x00000ba4      0x1b0 ./RTD/src/Clock_Ip_DividerTrigger.o
 .debug_abbrev  0x00000d54      0x201 ./RTD/src/Clock_Ip_ExtOsc.o
 .debug_abbrev  0x00000f55      0x163 ./RTD/src/Clock_Ip_FracDiv.o
 .debug_abbrev  0x000010b8       0x92 ./RTD/src/Clock_Ip_Frequency.o
 .debug_abbrev  0x0000114a      0x1ac ./RTD/src/Clock_Ip_Gate.o
 .debug_abbrev  0x000012f6      0x25d ./RTD/src/Clock_Ip_IntOsc.o
 .debug_abbrev  0x00001553       0x6a ./RTD/src/Clock_Ip_Irq.o
 .debug_abbrev  0x000015bd      0x27d ./RTD/src/Clock_Ip_Monitor.o
 .debug_abbrev  0x0000183a      0x231 ./RTD/src/Clock_Ip_Pll.o
 .debug_abbrev  0x00001a6b      0x1aa ./RTD/src/Clock_Ip_ProgFreqSwitch.o
 .debug_abbrev  0x00001c15      0x2f8 ./RTD/src/Clock_Ip_Selector.o
 .debug_abbrev  0x00001f0d      0x31b ./RTD/src/Clock_Ip_Specific.o
 .debug_abbrev  0x00002228      0x14e ./RTD/src/Det.o
 .debug_abbrev  0x00002376       0xc5 ./RTD/src/Det_stub.o
 .debug_abbrev  0x0000243b       0x29 ./RTD/src/Igf_Port_Ip.o
 .debug_abbrev  0x00002464       0x29 ./RTD/src/OsIf_Interrupts.o
 .debug_abbrev  0x0000248d      0x1a7 ./RTD/src/OsIf_Timer.o
 .debug_abbrev  0x00002634       0x29 ./RTD/src/OsIf_Timer_System.o
 .debug_abbrev  0x0000265d      0x125 ./RTD/src/OsIf_Timer_System_Internal_Systick.o
 .debug_abbrev  0x00002782      0x124 ./RTD/src/SchM_Dio.o
 .debug_abbrev  0x000028a6      0x124 ./RTD/src/SchM_Mcu.o
 .debug_abbrev  0x000029ca      0x124 ./RTD/src/SchM_Port.o
 .debug_abbrev  0x00002aee      0x298 ./RTD/src/Siul2_Dio_Ip.o
 .debug_abbrev  0x00002d86      0x385 ./RTD/src/Siul2_Port_Ip.o
 .debug_abbrev  0x0000310b      0x185 ./RTD/src/Tspc_Port_Ip.o
 .debug_abbrev  0x00003290      0x146 ./board/Siul2_Port_Ip_Cfg.o
 .debug_abbrev  0x000033d6       0x29 ./board/Tspc_Port_Ip_Cfg.o
 .debug_abbrev  0x000033ff      0x103 ./generate/src/Clock_Ip_Cfg.o
 .debug_abbrev  0x00003502       0x29 ./generate/src/Igf_Port_Ip_Cfg.o
 .debug_abbrev  0x0000352b       0x29 ./generate/src/OsIf_Cfg.o
 .debug_abbrev  0x00003554      0x203 ./src/main.o

.debug_aranges  0x00000000      0xa78
 .debug_aranges
                0x00000000       0x68 ./Project_Settings/Startup_Code/exceptions.o
 .debug_aranges
                0x00000068       0x38 ./Project_Settings/Startup_Code/nvic.o
 .debug_aranges
                0x000000a0       0x28 ./Project_Settings/Startup_Code/startup.o
 .debug_aranges
                0x000000c8       0x28 ./Project_Settings/Startup_Code/startup_cm7.o
 .debug_aranges
                0x000000f0       0x38 ./Project_Settings/Startup_Code/system.o
 .debug_aranges
                0x00000128       0x98 ./RTD/src/Clock_Ip.o
 .debug_aranges
                0x000001c0       0x18 ./RTD/src/Clock_Ip_Data.o
 .debug_aranges
                0x000001d8       0x38 ./RTD/src/Clock_Ip_Divider.o
 .debug_aranges
                0x00000210       0x30 ./RTD/src/Clock_Ip_DividerTrigger.o
 .debug_aranges
                0x00000240       0x50 ./RTD/src/Clock_Ip_ExtOsc.o
 .debug_aranges
                0x00000290       0x28 ./RTD/src/Clock_Ip_FracDiv.o
 .debug_aranges
                0x000002b8       0x20 ./RTD/src/Clock_Ip_Frequency.o
 .debug_aranges
                0x000002d8       0x38 ./RTD/src/Clock_Ip_Gate.o
 .debug_aranges
                0x00000310       0x60 ./RTD/src/Clock_Ip_IntOsc.o
 .debug_aranges
                0x00000370       0x20 ./RTD/src/Clock_Ip_Irq.o
 .debug_aranges
                0x00000390       0x60 ./RTD/src/Clock_Ip_Monitor.o
 .debug_aranges
                0x000003f0       0x50 ./RTD/src/Clock_Ip_Pll.o
 .debug_aranges
                0x00000440       0x28 ./RTD/src/Clock_Ip_ProgFreqSwitch.o
 .debug_aranges
                0x00000468       0x58 ./RTD/src/Clock_Ip_Selector.o
 .debug_aranges
                0x000004c0       0x78 ./RTD/src/Clock_Ip_Specific.o
 .debug_aranges
                0x00000538       0x38 ./RTD/src/Det.o
 .debug_aranges
                0x00000570       0x48 ./RTD/src/Det_stub.o
 .debug_aranges
                0x000005b8       0x18 ./RTD/src/Igf_Port_Ip.o
 .debug_aranges
                0x000005d0       0x18 ./RTD/src/OsIf_Interrupts.o
 .debug_aranges
                0x000005e8       0x40 ./RTD/src/OsIf_Timer.o
 .debug_aranges
                0x00000628       0x18 ./RTD/src/OsIf_Timer_System.o
 .debug_aranges
                0x00000640       0x30 ./RTD/src/OsIf_Timer_System_Internal_Systick.o
 .debug_aranges
                0x00000670       0x40 ./RTD/src/SchM_Dio.o
 .debug_aranges
                0x000006b0       0x50 ./RTD/src/SchM_Mcu.o
 .debug_aranges
                0x00000700      0x1e0 ./RTD/src/SchM_Port.o
 .debug_aranges
                0x000008e0       0x70 ./RTD/src/Siul2_Dio_Ip.o
 .debug_aranges
                0x00000950       0x60 ./RTD/src/Siul2_Port_Ip.o
 .debug_aranges
                0x000009b0       0x28 ./RTD/src/Tspc_Port_Ip.o
 .debug_aranges
                0x000009d8       0x18 ./board/Siul2_Port_Ip_Cfg.o
 .debug_aranges
                0x000009f0       0x18 ./board/Tspc_Port_Ip_Cfg.o
 .debug_aranges
                0x00000a08       0x18 ./generate/src/Clock_Ip_Cfg.o
 .debug_aranges
                0x00000a20       0x18 ./generate/src/Igf_Port_Ip_Cfg.o
 .debug_aranges
                0x00000a38       0x18 ./generate/src/OsIf_Cfg.o
 .debug_aranges
                0x00000a50       0x28 ./src/main.o

.debug_ranges   0x00000000      0x948
 .debug_ranges  0x00000000       0x58 ./Project_Settings/Startup_Code/exceptions.o
 .debug_ranges  0x00000058       0x28 ./Project_Settings/Startup_Code/nvic.o
 .debug_ranges  0x00000080       0x18 ./Project_Settings/Startup_Code/startup.o
 .debug_ranges  0x00000098       0x20 ./Project_Settings/Startup_Code/startup_cm7.o
 .debug_ranges  0x000000b8       0x78 ./Project_Settings/Startup_Code/system.o
 .debug_ranges  0x00000130      0x110 ./RTD/src/Clock_Ip.o
 .debug_ranges  0x00000240       0x28 ./RTD/src/Clock_Ip_Divider.o
 .debug_ranges  0x00000268       0x20 ./RTD/src/Clock_Ip_DividerTrigger.o
 .debug_ranges  0x00000288       0x40 ./RTD/src/Clock_Ip_ExtOsc.o
 .debug_ranges  0x000002c8       0x18 ./RTD/src/Clock_Ip_FracDiv.o
 .debug_ranges  0x000002e0       0x10 ./RTD/src/Clock_Ip_Frequency.o
 .debug_ranges  0x000002f0       0x28 ./RTD/src/Clock_Ip_Gate.o
 .debug_ranges  0x00000318       0x50 ./RTD/src/Clock_Ip_IntOsc.o
 .debug_ranges  0x00000368       0x10 ./RTD/src/Clock_Ip_Irq.o
 .debug_ranges  0x00000378       0x50 ./RTD/src/Clock_Ip_Monitor.o
 .debug_ranges  0x000003c8       0x40 ./RTD/src/Clock_Ip_Pll.o
 .debug_ranges  0x00000408       0x18 ./RTD/src/Clock_Ip_ProgFreqSwitch.o
 .debug_ranges  0x00000420       0x78 ./RTD/src/Clock_Ip_Selector.o
 .debug_ranges  0x00000498       0x80 ./RTD/src/Clock_Ip_Specific.o
 .debug_ranges  0x00000518       0x28 ./RTD/src/Det.o
 .debug_ranges  0x00000540       0x38 ./RTD/src/Det_stub.o
 .debug_ranges  0x00000578       0x30 ./RTD/src/OsIf_Timer.o
 .debug_ranges  0x000005a8       0x20 ./RTD/src/OsIf_Timer_System_Internal_Systick.o
 .debug_ranges  0x000005c8       0x30 ./RTD/src/SchM_Dio.o
 .debug_ranges  0x000005f8       0x40 ./RTD/src/SchM_Mcu.o
 .debug_ranges  0x00000638      0x1d0 ./RTD/src/SchM_Port.o
 .debug_ranges  0x00000808       0x60 ./RTD/src/Siul2_Dio_Ip.o
 .debug_ranges  0x00000868       0x80 ./RTD/src/Siul2_Port_Ip.o
 .debug_ranges  0x000008e8       0x48 ./RTD/src/Tspc_Port_Ip.o
 .debug_ranges  0x00000930       0x18 ./src/main.o

.debug_macro    0x00000000    0x416ad
 .debug_macro   0x00000000      0x164 ./Project_Settings/Startup_Code/exceptions.o
 .debug_macro   0x00000164      0xa9c ./Project_Settings/Startup_Code/exceptions.o
 .debug_macro   0x00000c00       0x22 ./Project_Settings/Startup_Code/exceptions.o
 .debug_macro   0x00000c22       0x56 ./Project_Settings/Startup_Code/exceptions.o
 .debug_macro   0x00000c78       0x51 ./Project_Settings/Startup_Code/exceptions.o
 .debug_macro   0x00000cc9      0x103 ./Project_Settings/Startup_Code/exceptions.o
 .debug_macro   0x00000dcc       0x6a ./Project_Settings/Startup_Code/exceptions.o
 .debug_macro   0x00000e36      0x1df ./Project_Settings/Startup_Code/exceptions.o
 .debug_macro   0x00001015       0x22 ./Project_Settings/Startup_Code/exceptions.o
 .debug_macro   0x00001037      0x16d ./Project_Settings/Startup_Code/exceptions.o
 .debug_macro   0x000011a4       0x82 ./Project_Settings/Startup_Code/exceptions.o
 .debug_macro   0x00001226      0x97b ./Project_Settings/Startup_Code/exceptions.o
 .debug_macro   0x00001ba1       0x3a ./Project_Settings/Startup_Code/exceptions.o
 .debug_macro   0x00001bdb       0xcc ./Project_Settings/Startup_Code/exceptions.o
 .debug_macro   0x00001ca7       0x67 ./Project_Settings/Startup_Code/exceptions.o
 .debug_macro   0x00001d0e       0x94 ./Project_Settings/Startup_Code/exceptions.o
 .debug_macro   0x00001da2       0xc8 ./Project_Settings/Startup_Code/exceptions.o
 .debug_macro   0x00001e6a      0x11e ./Project_Settings/Startup_Code/exceptions.o
 .debug_macro   0x00001f88       0x52 ./Project_Settings/Startup_Code/exceptions.o
 .debug_macro   0x00001fda       0x16 ./Project_Settings/Startup_Code/exceptions.o
 .debug_macro   0x00001ff0       0x7c ./Project_Settings/Startup_Code/exceptions.o
 .debug_macro   0x0000206c      0x130 ./Project_Settings/Startup_Code/exceptions.o
 .debug_macro   0x0000219c       0x6a ./Project_Settings/Startup_Code/exceptions.o
 .debug_macro   0x00002206       0x58 ./Project_Settings/Startup_Code/exceptions.o
 .debug_macro   0x0000225e       0x57 ./Project_Settings/Startup_Code/exceptions.o
 .debug_macro   0x000022b5       0x50 ./Project_Settings/Startup_Code/exceptions.o
 .debug_macro   0x00002305       0x50 ./Project_Settings/Startup_Code/exceptions.o
 .debug_macro   0x00002355      0x378 ./Project_Settings/Startup_Code/nvic.o
 .debug_macro   0x000026cd     0x51db ./Project_Settings/Startup_Code/nvic.o
 .debug_macro   0x000078a8      0xd0a ./Project_Settings/Startup_Code/nvic.o
 .debug_macro   0x000085b2      0x180 ./Project_Settings/Startup_Code/nvic.o
 .debug_macro   0x00008732       0xf8 ./Project_Settings/Startup_Code/nvic.o
 .debug_macro   0x0000882a      0x370 ./Project_Settings/Startup_Code/nvic.o
 .debug_macro   0x00008b9a      0x159 ./Project_Settings/Startup_Code/nvic.o
 .debug_macro   0x00008cf3      0xc36 ./Project_Settings/Startup_Code/nvic.o
 .debug_macro   0x00009929     0x18ad ./Project_Settings/Startup_Code/nvic.o
 .debug_macro   0x0000b1d6       0x8e ./Project_Settings/Startup_Code/nvic.o
 .debug_macro   0x0000b264     0x4d9d ./Project_Settings/Startup_Code/nvic.o
 .debug_macro   0x00010001      0x2ea ./Project_Settings/Startup_Code/nvic.o
 .debug_macro   0x000102eb      0x765 ./Project_Settings/Startup_Code/nvic.o
 .debug_macro   0x00010a50      0xbb9 ./Project_Settings/Startup_Code/nvic.o
 .debug_macro   0x00011609      0x781 ./Project_Settings/Startup_Code/nvic.o
 .debug_macro   0x00011d8a      0xb4d ./Project_Settings/Startup_Code/nvic.o
 .debug_macro   0x000128d7       0x5d ./Project_Settings/Startup_Code/nvic.o
 .debug_macro   0x00012934      0xab9 ./Project_Settings/Startup_Code/nvic.o
 .debug_macro   0x000133ed     0x14b3 ./Project_Settings/Startup_Code/nvic.o
 .debug_macro   0x000148a0      0x867 ./Project_Settings/Startup_Code/nvic.o
 .debug_macro   0x00015107       0xe8 ./Project_Settings/Startup_Code/nvic.o
 .debug_macro   0x000151ef       0xd6 ./Project_Settings/Startup_Code/nvic.o
 .debug_macro   0x000152c5      0x106 ./Project_Settings/Startup_Code/nvic.o
 .debug_macro   0x000153cb      0x507 ./Project_Settings/Startup_Code/nvic.o
 .debug_macro   0x000158d2      0x760 ./Project_Settings/Startup_Code/nvic.o
 .debug_macro   0x00016032      0xe1f ./Project_Settings/Startup_Code/nvic.o
 .debug_macro   0x00016e51      0x923 ./Project_Settings/Startup_Code/nvic.o
 .debug_macro   0x00017774     0x107d ./Project_Settings/Startup_Code/nvic.o
 .debug_macro   0x000187f1      0x2ce ./Project_Settings/Startup_Code/nvic.o
 .debug_macro   0x00018abf      0x8ed ./Project_Settings/Startup_Code/nvic.o
 .debug_macro   0x000193ac     0x1351 ./Project_Settings/Startup_Code/nvic.o
 .debug_macro   0x0001a6fd      0x4dc ./Project_Settings/Startup_Code/nvic.o
 .debug_macro   0x0001abd9      0x1e8 ./Project_Settings/Startup_Code/nvic.o
 .debug_macro   0x0001adc1      0xaeb ./Project_Settings/Startup_Code/nvic.o
 .debug_macro   0x0001b8ac     0x15b6 ./Project_Settings/Startup_Code/nvic.o
 .debug_macro   0x0001ce62      0x529 ./Project_Settings/Startup_Code/nvic.o
 .debug_macro   0x0001d38b      0x234 ./Project_Settings/Startup_Code/nvic.o
 .debug_macro   0x0001d5bf      0x226 ./Project_Settings/Startup_Code/nvic.o
 .debug_macro   0x0001d7e5      0x2c6 ./Project_Settings/Startup_Code/nvic.o
 .debug_macro   0x0001daab       0x5c ./Project_Settings/Startup_Code/nvic.o
 .debug_macro   0x0001db07      0x23c ./Project_Settings/Startup_Code/nvic.o
 .debug_macro   0x0001dd43      0x2d9 ./Project_Settings/Startup_Code/nvic.o
 .debug_macro   0x0001e01c       0x5e ./Project_Settings/Startup_Code/nvic.o
 .debug_macro   0x0001e07a     0x4aa5 ./Project_Settings/Startup_Code/nvic.o
 .debug_macro   0x00022b1f     0x96e3 ./Project_Settings/Startup_Code/nvic.o
 .debug_macro   0x0002c202       0xf2 ./Project_Settings/Startup_Code/nvic.o
 .debug_macro   0x0002c2f4      0x2c8 ./Project_Settings/Startup_Code/nvic.o
 .debug_macro   0x0002c5bc       0xb3 ./Project_Settings/Startup_Code/nvic.o
 .debug_macro   0x0002c66f      0x1ad ./Project_Settings/Startup_Code/nvic.o
 .debug_macro   0x0002c81c      0x56e ./Project_Settings/Startup_Code/nvic.o
 .debug_macro   0x0002cd8a     0x1ddd ./Project_Settings/Startup_Code/nvic.o
 .debug_macro   0x0002eb67      0x258 ./Project_Settings/Startup_Code/nvic.o
 .debug_macro   0x0002edbf      0x4a2 ./Project_Settings/Startup_Code/nvic.o
 .debug_macro   0x0002f261      0xb8b ./Project_Settings/Startup_Code/nvic.o
 .debug_macro   0x0002fdec     0x1b53 ./Project_Settings/Startup_Code/nvic.o
 .debug_macro   0x0003193f      0xcd9 ./Project_Settings/Startup_Code/nvic.o
 .debug_macro   0x00032618      0x136 ./Project_Settings/Startup_Code/nvic.o
 .debug_macro   0x0003274e      0x392 ./Project_Settings/Startup_Code/nvic.o
 .debug_macro   0x00032ae0       0x2e ./Project_Settings/Startup_Code/nvic.o
 .debug_macro   0x00032b0e       0xe8 ./Project_Settings/Startup_Code/startup.o
 .debug_macro   0x00032bf6      0x226 ./Project_Settings/Startup_Code/system.o
 .debug_macro   0x00032e1c       0x52 ./Project_Settings/Startup_Code/system.o
 .debug_macro   0x00032e6e       0x50 ./Project_Settings/Startup_Code/system.o
 .debug_macro   0x00032ebe       0x50 ./Project_Settings/Startup_Code/system.o
 .debug_macro   0x00032f0e      0x51c ./RTD/src/Clock_Ip.o
 .debug_macro   0x0003342a      0x8e7 ./RTD/src/Clock_Ip.o
 .debug_macro   0x00033d11      0x350 ./RTD/src/Clock_Ip.o
 .debug_macro   0x00034061       0x2e ./RTD/src/Clock_Ip.o
 .debug_macro   0x0003408f       0x4d ./RTD/src/Clock_Ip.o
 .debug_macro   0x000340dc       0x50 ./RTD/src/Clock_Ip.o
 .debug_macro   0x0003412c       0x50 ./RTD/src/Clock_Ip.o
 .debug_macro   0x0003417c       0x50 ./RTD/src/Clock_Ip.o
 .debug_macro   0x000341cc       0x50 ./RTD/src/Clock_Ip.o
 .debug_macro   0x0003421c       0x34 ./RTD/src/Clock_Ip.o
 .debug_macro   0x00034250       0xd6 ./RTD/src/Clock_Ip.o
 .debug_macro   0x00034326      0x170 ./RTD/src/Clock_Ip.o
 .debug_macro   0x00034496       0x50 ./RTD/src/Clock_Ip.o
 .debug_macro   0x000344e6       0x50 ./RTD/src/Clock_Ip.o
 .debug_macro   0x00034536       0x50 ./RTD/src/Clock_Ip.o
 .debug_macro   0x00034586       0x50 ./RTD/src/Clock_Ip.o
 .debug_macro   0x000345d6       0x50 ./RTD/src/Clock_Ip.o
 .debug_macro   0x00034626       0x50 ./RTD/src/Clock_Ip.o
 .debug_macro   0x00034676       0xa5 ./RTD/src/Clock_Ip.o
 .debug_macro   0x0003471b       0x50 ./RTD/src/Clock_Ip.o
 .debug_macro   0x0003476b       0x50 ./RTD/src/Clock_Ip.o
 .debug_macro   0x000347bb       0x50 ./RTD/src/Clock_Ip.o
 .debug_macro   0x0003480b       0x50 ./RTD/src/Clock_Ip.o
 .debug_macro   0x0003485b       0x50 ./RTD/src/Clock_Ip.o
 .debug_macro   0x000348ab       0x50 ./RTD/src/Clock_Ip.o
 .debug_macro   0x000348fb       0x35 ./RTD/src/Clock_Ip.o
 .debug_macro   0x00034930       0x50 ./RTD/src/Clock_Ip.o
 .debug_macro   0x00034980       0x50 ./RTD/src/Clock_Ip.o
 .debug_macro   0x000349d0       0x50 ./RTD/src/Clock_Ip.o
 .debug_macro   0x00034a20       0x50 ./RTD/src/Clock_Ip.o
 .debug_macro   0x00034a70       0x50 ./RTD/src/Clock_Ip.o
 .debug_macro   0x00034ac0       0x50 ./RTD/src/Clock_Ip.o
 .debug_macro   0x00034b10      0x77f ./RTD/src/Clock_Ip_Data.o
 .debug_macro   0x0003528f      0x43f ./RTD/src/Clock_Ip_Divider.o
 .debug_macro   0x000356ce      0x43d ./RTD/src/Clock_Ip_DividerTrigger.o
 .debug_macro   0x00035b0b      0x43f ./RTD/src/Clock_Ip_ExtOsc.o
 .debug_macro   0x00035f4a      0x43d ./RTD/src/Clock_Ip_FracDiv.o
 .debug_macro   0x00036387      0x3d3 ./RTD/src/Clock_Ip_Frequency.o
 .debug_macro   0x0003675a      0x43f ./RTD/src/Clock_Ip_Gate.o
 .debug_macro   0x00036b99      0x44d ./RTD/src/Clock_Ip_IntOsc.o
 .debug_macro   0x00036fe6      0x3fb ./RTD/src/Clock_Ip_Irq.o
 .debug_macro   0x000373e1      0x4ba ./RTD/src/Clock_Ip_Monitor.o
 .debug_macro   0x0003789b       0x3a ./RTD/src/Clock_Ip_Monitor.o
 .debug_macro   0x000378d5       0x50 ./RTD/src/Clock_Ip_Monitor.o
 .debug_macro   0x00037925       0x50 ./RTD/src/Clock_Ip_Monitor.o
 .debug_macro   0x00037975       0x50 ./RTD/src/Clock_Ip_Monitor.o
 .debug_macro   0x000379c5       0x50 ./RTD/src/Clock_Ip_Monitor.o
 .debug_macro   0x00037a15      0x44d ./RTD/src/Clock_Ip_Pll.o
 .debug_macro   0x00037e62      0x49d ./RTD/src/Clock_Ip_ProgFreqSwitch.o
 .debug_macro   0x000382ff      0x43f ./RTD/src/Clock_Ip_Selector.o
 .debug_macro   0x0003873e      0x55b ./RTD/src/Clock_Ip_Specific.o
 .debug_macro   0x00038c99       0x50 ./RTD/src/Clock_Ip_Specific.o
 .debug_macro   0x00038ce9       0x50 ./RTD/src/Clock_Ip_Specific.o
 .debug_macro   0x00038d39       0x50 ./RTD/src/Clock_Ip_Specific.o
 .debug_macro   0x00038d89       0x50 ./RTD/src/Clock_Ip_Specific.o
 .debug_macro   0x00038dd9       0x50 ./RTD/src/Clock_Ip_Specific.o
 .debug_macro   0x00038e29       0x50 ./RTD/src/Clock_Ip_Specific.o
 .debug_macro   0x00038e79      0x271 ./RTD/src/Det.o
 .debug_macro   0x000390ea       0x40 ./RTD/src/Det.o
 .debug_macro   0x0003912a       0x50 ./RTD/src/Det.o
 .debug_macro   0x0003917a       0x50 ./RTD/src/Det.o
 .debug_macro   0x000391ca       0x50 ./RTD/src/Det.o
 .debug_macro   0x0003921a       0x50 ./RTD/src/Det.o
 .debug_macro   0x0003926a       0x50 ./RTD/src/Det.o
 .debug_macro   0x000392ba       0x50 ./RTD/src/Det.o
 .debug_macro   0x0003930a      0x22a ./RTD/src/Det_stub.o
 .debug_macro   0x00039534      0x229 ./RTD/src/Igf_Port_Ip.o
 .debug_macro   0x0003975d       0x34 ./RTD/src/Igf_Port_Ip.o
 .debug_macro   0x00039791       0x34 ./RTD/src/Igf_Port_Ip.o
 .debug_macro   0x000397c5     0x4a9f ./RTD/src/Igf_Port_Ip.o
 .debug_macro   0x0003e264       0xd4 ./RTD/src/Igf_Port_Ip.o
 .debug_macro   0x0003e338       0x3a ./RTD/src/Igf_Port_Ip.o
 .debug_macro   0x0003e372       0x6a ./RTD/src/Igf_Port_Ip.o
 .debug_macro   0x0003e3dc       0x50 ./RTD/src/Igf_Port_Ip.o
 .debug_macro   0x0003e42c       0x50 ./RTD/src/Igf_Port_Ip.o
 .debug_macro   0x0003e47c       0x1c ./RTD/src/Igf_Port_Ip.o
 .debug_macro   0x0003e498       0x34 ./RTD/src/Igf_Port_Ip.o
 .debug_macro   0x0003e4cc       0x2e ./RTD/src/Igf_Port_Ip.o
 .debug_macro   0x0003e4fa       0x3a ./RTD/src/Igf_Port_Ip.o
 .debug_macro   0x0003e534      0x158 ./RTD/src/OsIf_Interrupts.o
 .debug_macro   0x0003e68c      0x220 ./RTD/src/OsIf_Timer.o
 .debug_macro   0x0003e8ac       0x70 ./RTD/src/OsIf_Timer.o
 .debug_macro   0x0003e91c      0x1b1 ./RTD/src/OsIf_Timer_System.o
 .debug_macro   0x0003eacd       0x3a ./RTD/src/OsIf_Timer_System.o
 .debug_macro   0x0003eb07      0x191 ./RTD/src/OsIf_Timer_System_Internal_Systick.o
 .debug_macro   0x0003ec98       0x34 ./RTD/src/OsIf_Timer_System_Internal_Systick.o
 .debug_macro   0x0003eccc       0x3a ./RTD/src/OsIf_Timer_System_Internal_Systick.o
 .debug_macro   0x0003ed06      0x22b ./RTD/src/SchM_Dio.o
 .debug_macro   0x0003ef31       0x3a ./RTD/src/SchM_Dio.o
 .debug_macro   0x0003ef6b       0x50 ./RTD/src/SchM_Dio.o
 .debug_macro   0x0003efbb       0x50 ./RTD/src/SchM_Dio.o
 .debug_macro   0x0003f00b      0x22b ./RTD/src/SchM_Mcu.o
 .debug_macro   0x0003f236      0x22f ./RTD/src/SchM_Port.o
 .debug_macro   0x0003f465      0x252 ./RTD/src/Siul2_Dio_Ip.o
 .debug_macro   0x0003f6b7       0x76 ./RTD/src/Siul2_Dio_Ip.o
 .debug_macro   0x0003f72d       0x74 ./RTD/src/Siul2_Dio_Ip.o
 .debug_macro   0x0003f7a1       0x50 ./RTD/src/Siul2_Dio_Ip.o
 .debug_macro   0x0003f7f1       0x50 ./RTD/src/Siul2_Dio_Ip.o
 .debug_macro   0x0003f841       0x50 ./RTD/src/Siul2_Dio_Ip.o
 .debug_macro   0x0003f891       0x50 ./RTD/src/Siul2_Dio_Ip.o
 .debug_macro   0x0003f8e1      0x2d1 ./RTD/src/Siul2_Port_Ip.o
 .debug_macro   0x0003fbb2       0x97 ./RTD/src/Siul2_Port_Ip.o
 .debug_macro   0x0003fc49       0x50 ./RTD/src/Siul2_Port_Ip.o
 .debug_macro   0x0003fc99       0x50 ./RTD/src/Siul2_Port_Ip.o
 .debug_macro   0x0003fce9      0x1ff ./RTD/src/Siul2_Port_Ip.o
 .debug_macro   0x0003fee8       0x50 ./RTD/src/Siul2_Port_Ip.o
 .debug_macro   0x0003ff38       0x50 ./RTD/src/Siul2_Port_Ip.o
 .debug_macro   0x0003ff88       0x50 ./RTD/src/Siul2_Port_Ip.o
 .debug_macro   0x0003ffd8       0x50 ./RTD/src/Siul2_Port_Ip.o
 .debug_macro   0x00040028       0x50 ./RTD/src/Siul2_Port_Ip.o
 .debug_macro   0x00040078       0x50 ./RTD/src/Siul2_Port_Ip.o
 .debug_macro   0x000400c8      0x277 ./RTD/src/Tspc_Port_Ip.o
 .debug_macro   0x0004033f       0x34 ./RTD/src/Tspc_Port_Ip.o
 .debug_macro   0x00040373      0x568 ./RTD/src/Tspc_Port_Ip.o
 .debug_macro   0x000408db       0x34 ./RTD/src/Tspc_Port_Ip.o
 .debug_macro   0x0004090f       0x3c ./RTD/src/Tspc_Port_Ip.o
 .debug_macro   0x0004094b      0x18c ./board/Siul2_Port_Ip_Cfg.o
 .debug_macro   0x00040ad7      0x137 ./board/Tspc_Port_Ip_Cfg.o
 .debug_macro   0x00040c0e      0x401 ./generate/src/Clock_Ip_Cfg.o
 .debug_macro   0x0004100f      0x206 ./generate/src/Igf_Port_Ip_Cfg.o
 .debug_macro   0x00041215      0x182 ./generate/src/OsIf_Cfg.o
 .debug_macro   0x00041397       0x5e ./generate/src/OsIf_Cfg.o
 .debug_macro   0x000413f5      0x23c ./src/main.o
 .debug_macro   0x00041631       0x7c ./src/main.o

.debug_line     0x00000000    0x11bb5
 .debug_line    0x00000000      0x598 ./Project_Settings/Startup_Code/exceptions.o
 .debug_line    0x00000598      0x8cf ./Project_Settings/Startup_Code/nvic.o
 .debug_line    0x00000e67      0x5b6 ./Project_Settings/Startup_Code/startup.o
 .debug_line    0x0000141d      0x13e ./Project_Settings/Startup_Code/startup_cm7.o
 .debug_line    0x0000155b      0x92c ./Project_Settings/Startup_Code/system.o
 .debug_line    0x00001e87     0x141d ./RTD/src/Clock_Ip.o
 .debug_line    0x000032a4      0x5d3 ./RTD/src/Clock_Ip_Data.o
 .debug_line    0x00003877      0x7ad ./RTD/src/Clock_Ip_Divider.o
 .debug_line    0x00004024      0x6ee ./RTD/src/Clock_Ip_DividerTrigger.o
 .debug_line    0x00004712      0x775 ./RTD/src/Clock_Ip_ExtOsc.o
 .debug_line    0x00004e87      0x5fa ./RTD/src/Clock_Ip_FracDiv.o
 .debug_line    0x00005481      0x5f4 ./RTD/src/Clock_Ip_Frequency.o
 .debug_line    0x00005a75      0x782 ./RTD/src/Clock_Ip_Gate.o
 .debug_line    0x000061f7      0x759 ./RTD/src/Clock_Ip_IntOsc.o
 .debug_line    0x00006950      0x5e7 ./RTD/src/Clock_Ip_Irq.o
 .debug_line    0x00006f37      0x914 ./RTD/src/Clock_Ip_Monitor.o
 .debug_line    0x0000784b      0x82b ./RTD/src/Clock_Ip_Pll.o
 .debug_line    0x00008076      0x80b ./RTD/src/Clock_Ip_ProgFreqSwitch.o
 .debug_line    0x00008881      0xba7 ./RTD/src/Clock_Ip_Selector.o
 .debug_line    0x00009428      0x9cf ./RTD/src/Clock_Ip_Specific.o
 .debug_line    0x00009df7      0x548 ./RTD/src/Det.o
 .debug_line    0x0000a33f      0x7ac ./RTD/src/Det_stub.o
 .debug_line    0x0000aaeb      0x567 ./RTD/src/Igf_Port_Ip.o
 .debug_line    0x0000b052      0x45c ./RTD/src/OsIf_Interrupts.o
 .debug_line    0x0000b4ae      0x4fb ./RTD/src/OsIf_Timer.o
 .debug_line    0x0000b9a9      0x4b1 ./RTD/src/OsIf_Timer_System.o
 .debug_line    0x0000be5a      0x4e4 ./RTD/src/OsIf_Timer_System_Internal_Systick.o
 .debug_line    0x0000c33e      0x5df ./RTD/src/SchM_Dio.o
 .debug_line    0x0000c91d      0x66a ./RTD/src/SchM_Mcu.o
 .debug_line    0x0000cf87     0x13ff ./RTD/src/SchM_Port.o
 .debug_line    0x0000e386      0x744 ./RTD/src/Siul2_Dio_Ip.o
 .debug_line    0x0000eaca      0xc21 ./RTD/src/Siul2_Port_Ip.o
 .debug_line    0x0000f6eb      0x73d ./RTD/src/Tspc_Port_Ip.o
 .debug_line    0x0000fe28      0x452 ./board/Siul2_Port_Ip_Cfg.o
 .debug_line    0x0001027a      0x3d6 ./board/Tspc_Port_Ip_Cfg.o
 .debug_line    0x00010650      0x5d7 ./generate/src/Clock_Ip_Cfg.o
 .debug_line    0x00010c27      0x551 ./generate/src/Igf_Port_Ip_Cfg.o
 .debug_line    0x00011178      0x465 ./generate/src/OsIf_Cfg.o
 .debug_line    0x000115dd      0x5d8 ./src/main.o

.debug_str      0x00000000   0x1889fb
 .debug_str     0x00000000     0x8082 ./Project_Settings/Startup_Code/exceptions.o
                               0x828d (size before relaxing)
 .debug_str     0x00008082   0x16f7cd ./Project_Settings/Startup_Code/nvic.o
                             0x17648e (size before relaxing)
 .debug_str     0x0017784f      0x11b ./Project_Settings/Startup_Code/startup.o
                               0x61e2 (size before relaxing)
 .debug_str     0x0017796a       0x3b ./Project_Settings/Startup_Code/startup_cm7.o
                                 0x6d (size before relaxing)
 .debug_str     0x001779a5      0x78c ./Project_Settings/Startup_Code/system.o
                              0x15d4c (size before relaxing)
 .debug_str     0x00178131     0x459f ./RTD/src/Clock_Ip.o
                              0x2bdd7 (size before relaxing)
 .debug_str     0x0017c6d0     0x1686 ./RTD/src/Clock_Ip_Data.o
                              0x2bdb3 (size before relaxing)
 .debug_str     0x0017dd56      0x239 ./RTD/src/Clock_Ip_Divider.o
                              0x2aa61 (size before relaxing)
 .debug_str     0x0017df8f      0x201 ./RTD/src/Clock_Ip_DividerTrigger.o
                              0x2a9fe (size before relaxing)
 .debug_str     0x0017e190      0x257 ./RTD/src/Clock_Ip_ExtOsc.o
                              0x2aa14 (size before relaxing)
 .debug_str     0x0017e3e7      0x181 ./RTD/src/Clock_Ip_FracDiv.o
                              0x2a6f2 (size before relaxing)
 .debug_str     0x0017e568       0x2b ./RTD/src/Clock_Ip_Frequency.o
                              0x2a49a (size before relaxing)
 .debug_str     0x0017e593      0x221 ./RTD/src/Clock_Ip_Gate.o
                              0x2aa7b (size before relaxing)
 .debug_str     0x0017e7b4      0x38b ./RTD/src/Clock_Ip_IntOsc.o
                              0x2acb3 (size before relaxing)
 .debug_str     0x0017eb3f      0x154 ./RTD/src/Clock_Ip_Irq.o
                              0x2a1c6 (size before relaxing)
 .debug_str     0x0017ec93      0x787 ./RTD/src/Clock_Ip_Monitor.o
                              0x2b519 (size before relaxing)
 .debug_str     0x0017f41a      0x2f8 ./RTD/src/Clock_Ip_Pll.o
                              0x2ac23 (size before relaxing)
 .debug_str     0x0017f712      0x2f7 ./RTD/src/Clock_Ip_ProgFreqSwitch.o
                              0x2ae4a (size before relaxing)
 .debug_str     0x0017fa09      0x2ec ./RTD/src/Clock_Ip_Selector.o
                              0x2ab65 (size before relaxing)
 .debug_str     0x0017fcf5      0x4e3 ./RTD/src/Clock_Ip_Specific.o
                              0x2b676 (size before relaxing)
 .debug_str     0x001801d8      0x5b1 ./RTD/src/Det.o
                               0x8988 (size before relaxing)
 .debug_str     0x00180789       0xc1 ./RTD/src/Det_stub.o
                               0x891a (size before relaxing)
 .debug_str     0x0018084a     0x1319 ./RTD/src/Igf_Port_Ip.o
                              0x3ca6a (size before relaxing)
 .debug_str     0x00181b63       0x30 ./RTD/src/OsIf_Interrupts.o
                               0x7a23 (size before relaxing)
 .debug_str     0x00181b93      0x41c ./RTD/src/OsIf_Timer.o
                               0x8814 (size before relaxing)
 .debug_str     0x00181faf      0x14c ./RTD/src/OsIf_Timer_System.o
                               0x8700 (size before relaxing)
 .debug_str     0x001820fb      0x66a ./RTD/src/OsIf_Timer_System_Internal_Systick.o
                               0x76a5 (size before relaxing)
 .debug_str     0x00182765      0x408 ./RTD/src/SchM_Dio.o
                               0x88b0 (size before relaxing)
 .debug_str     0x00182b6d      0x243 ./RTD/src/SchM_Mcu.o
                               0x8937 (size before relaxing)
 .debug_str     0x00182db0     0x106b ./RTD/src/SchM_Port.o
                               0x971d (size before relaxing)
 .debug_str     0x00183e1b     0x1541 ./RTD/src/Siul2_Dio_Ip.o
                              0x2d409 (size before relaxing)
 .debug_str     0x0018535c     0x2954 ./RTD/src/Siul2_Port_Ip.o
                              0x3f96b (size before relaxing)
 .debug_str     0x00187cb0      0x5d9 ./RTD/src/Tspc_Port_Ip.o
                              0x3f48d (size before relaxing)
 .debug_str     0x00188289      0x15c ./board/Siul2_Port_Ip_Cfg.o
                              0x3b6c1 (size before relaxing)
 .debug_str     0x001883e5      0x13b ./board/Tspc_Port_Ip_Cfg.o
                               0x8d28 (size before relaxing)
 .debug_str     0x00188520      0x267 ./generate/src/Clock_Ip_Cfg.o
                              0x2ac22 (size before relaxing)
 .debug_str     0x00188787      0x13a ./generate/src/Igf_Port_Ip_Cfg.o
                              0x3c833 (size before relaxing)
 .debug_str     0x001888c1      0x102 ./generate/src/OsIf_Cfg.o
                               0x8411 (size before relaxing)
 .debug_str     0x001889c3       0x38 ./src/main.o
                              0x3e5ef (size before relaxing)

.debug_frame    0x00000000     0x15a4
 .debug_frame   0x00000000       0xb0 ./Project_Settings/Startup_Code/exceptions.o
 .debug_frame   0x000000b0       0x50 ./Project_Settings/Startup_Code/nvic.o
 .debug_frame   0x00000100       0x54 ./Project_Settings/Startup_Code/startup.o
 .debug_frame   0x00000154       0x60 ./Project_Settings/Startup_Code/system.o
 .debug_frame   0x000001b4      0x1b8 ./RTD/src/Clock_Ip.o
 .debug_frame   0x0000036c       0x70 ./RTD/src/Clock_Ip_Divider.o
 .debug_frame   0x000003dc       0x50 ./RTD/src/Clock_Ip_DividerTrigger.o
 .debug_frame   0x0000042c       0x9c ./RTD/src/Clock_Ip_ExtOsc.o
 .debug_frame   0x000004c8       0x30 ./RTD/src/Clock_Ip_FracDiv.o
 .debug_frame   0x000004f8       0x20 ./RTD/src/Clock_Ip_Frequency.o
 .debug_frame   0x00000518       0x6c ./RTD/src/Clock_Ip_Gate.o
 .debug_frame   0x00000584       0xc4 ./RTD/src/Clock_Ip_IntOsc.o
 .debug_frame   0x00000648       0x20 ./RTD/src/Clock_Ip_Irq.o
 .debug_frame   0x00000668       0xd0 ./RTD/src/Clock_Ip_Monitor.o
 .debug_frame   0x00000738       0xa4 ./RTD/src/Clock_Ip_Pll.o
 .debug_frame   0x000007dc       0x40 ./RTD/src/Clock_Ip_ProgFreqSwitch.o
 .debug_frame   0x0000081c       0xf8 ./RTD/src/Clock_Ip_Selector.o
 .debug_frame   0x00000914       0xf4 ./RTD/src/Clock_Ip_Specific.o
 .debug_frame   0x00000a08       0x90 ./RTD/src/Det.o
 .debug_frame   0x00000a98       0xd0 ./RTD/src/Det_stub.o
 .debug_frame   0x00000b68       0x60 ./RTD/src/OsIf_Timer.o
 .debug_frame   0x00000bc8       0x40 ./RTD/src/OsIf_Timer_System_Internal_Systick.o
 .debug_frame   0x00000c08       0x80 ./RTD/src/SchM_Dio.o
 .debug_frame   0x00000c88       0xb0 ./RTD/src/SchM_Mcu.o
 .debug_frame   0x00000d38      0x560 ./RTD/src/SchM_Port.o
 .debug_frame   0x00001298      0x138 ./RTD/src/Siul2_Dio_Ip.o
 .debug_frame   0x000013d0      0x144 ./RTD/src/Siul2_Port_Ip.o
 .debug_frame   0x00001514       0x58 ./RTD/src/Tspc_Port_Ip.o
 .debug_frame   0x0000156c       0x38 ./src/main.o

.debug_loc      0x00000000     0x4859
 .debug_loc     0x00000000       0xb9 ./Project_Settings/Startup_Code/nvic.o
 .debug_loc     0x000000b9      0x3b7 ./Project_Settings/Startup_Code/startup.o
 .debug_loc     0x00000470      0x262 ./Project_Settings/Startup_Code/system.o
 .debug_loc     0x000006d2      0x7e3 ./RTD/src/Clock_Ip.o
 .debug_loc     0x00000eb5      0x185 ./RTD/src/Clock_Ip_Divider.o
 .debug_loc     0x0000103a       0x7b ./RTD/src/Clock_Ip_DividerTrigger.o
 .debug_loc     0x000010b5       0xc8 ./RTD/src/Clock_Ip_ExtOsc.o
 .debug_loc     0x0000117d       0x25 ./RTD/src/Clock_Ip_FracDiv.o
 .debug_loc     0x000011a2      0x143 ./RTD/src/Clock_Ip_Gate.o
 .debug_loc     0x000012e5      0x108 ./RTD/src/Clock_Ip_IntOsc.o
 .debug_loc     0x000013ed      0x4bd ./RTD/src/Clock_Ip_Monitor.o
 .debug_loc     0x000018aa      0x236 ./RTD/src/Clock_Ip_Pll.o
 .debug_loc     0x00001ae0      0x447 ./RTD/src/Clock_Ip_ProgFreqSwitch.o
 .debug_loc     0x00001f27      0x513 ./RTD/src/Clock_Ip_Selector.o
 .debug_loc     0x0000243a      0x281 ./RTD/src/Clock_Ip_Specific.o
 .debug_loc     0x000026bb      0x1fb ./RTD/src/Det.o
 .debug_loc     0x000028b6      0x3fc ./RTD/src/Det_stub.o
 .debug_loc     0x00002cb2       0x99 ./RTD/src/OsIf_Timer.o
 .debug_loc     0x00002d4b       0x85 ./RTD/src/OsIf_Timer_System_Internal_Systick.o
 .debug_loc     0x00002dd0       0xbd ./RTD/src/SchM_Dio.o
 .debug_loc     0x00002e8d      0x111 ./RTD/src/SchM_Mcu.o
 .debug_loc     0x00002f9e      0x945 ./RTD/src/SchM_Port.o
 .debug_loc     0x000038e3      0x405 ./RTD/src/Siul2_Dio_Ip.o
 .debug_loc     0x00003ce8      0x9f7 ./RTD/src/Siul2_Port_Ip.o
 .debug_loc     0x000046df      0x17a ./RTD/src/Tspc_Port_Ip.o
